-- Test with unexist db as param
EXEC sp_helpdb 'hello'
GO
~~START~~
nvarchar#!#nvarchar#!#nvarchar#!#int#!#nvarchar#!#nvarchar#!#tinyint
~~ERROR (Code: 33557097)~~

~~ERROR (Message: An error occurred during the current command (Done status 0). The database 'hello' does not exist. Supply a valid database name. To see available databases, use sys.databases.)~~

