

--[BABEL-582]Checking all base datatypes for sql_variant
--The following list of base datatypes cannot be stored by using sql_variant:
--[datetimeoffset(SQL server 2012), geography, geometry, hierarchyid, image, ntext, nvarchar(max),
--rowversion (timestamp), text, varchar(max), varbinary(max), User-defined types, xml]
DROP TABLE IF EXISTS sourceTable;
go
DROP TABLE IF EXISTS destinationTable;
go
Create table sourceTable(a sql_variant, b sql_variant not null);
go
Create table destinationTable(a sql_variant, b sql_variant not null);
go
Insert into sourceTable values (cast (1 as BIT),cast (1 as BIT));
go
~~ROW COUNT: 1~~

Insert into sourceTable values (cast (NULL as BIT), cast (0 as BIT));
go
~~ROW COUNT: 1~~

insertbulk#!#sourceTable#!#destinationTable
~~ROW COUNT: 2~~

go
Select * from sourceTable;
go
~~START~~
sql_variant#!#sql_variant
true#!#true
<NULL>#!#false
~~END~~

Select * from destinationTable;
go
~~START~~
sql_variant#!#sql_variant
true#!#true
<NULL>#!#false
~~END~~

drop table sourceTable;
go
drop table destinationTable;
go


Create table sourceTable(a sql_variant, b sql_variant not null);
go
Create table destinationTable(a sql_variant, b sql_variant not null);
go
Insert into sourceTable values (cast (0 as TINYINT),cast (10 as TINYINT));
go
~~ROW COUNT: 1~~

Insert into sourceTable values (cast (002 as TINYINT),cast (029 as TINYINT));
go
~~ROW COUNT: 1~~

Insert into sourceTable values (cast (004 as TINYINT),cast (87 as TINYINT));
go
~~ROW COUNT: 1~~

Insert into sourceTable values (cast (255 as TINYINT),cast (1000 as TINYINT));
go
~~ERROR (Code: 220)~~

~~ERROR (Message: tinyint out of range)~~

Insert into sourceTable values (cast (NULL as TINYINT), cast (100 as TINYINT));
go
~~ROW COUNT: 1~~

insertbulk#!#sourceTable#!#destinationTable
~~ROW COUNT: 2~~

go
Select * from sourceTable;
go
~~START~~
sql_variant#!#sql_variant
0#!#10
2#!#29
4#!#87
<NULL>#!#100
~~END~~

Select * from destinationTable;
go
~~START~~
sql_variant#!#sql_variant
0#!#10
2#!#29
4#!#87
<NULL>#!#100
~~END~~

drop table sourceTable;
go
drop table destinationTable;
go


Create table sourceTable(a sql_variant, b sql_variant not null);
go
Create table destinationTable(a sql_variant, b sql_variant not null);
go
Insert into sourceTable values (cast (0 as SMALLINT),cast (-10 as SMALLINT));
go
~~ROW COUNT: 1~~

Insert into sourceTable values (cast (002 as SMALLINT),cast (-029 as SMALLINT));
go
~~ROW COUNT: 1~~

Insert into sourceTable values (cast (876 as SMALLINT),cast (-1234 as SMALLINT));
go
~~ROW COUNT: 1~~

Insert into sourceTable values (cast (-32768 as SMALLINT),cast (32767 as SMALLINT));
go
~~ROW COUNT: 1~~

Insert into sourceTable values (cast (NULL as SMALLINT), cast (100 as SMALLINT));
go
~~ROW COUNT: 1~~

insertbulk#!#sourceTable#!#destinationTable
~~ROW COUNT: 2~~

go
Select * from sourceTable;
go
~~START~~
sql_variant#!#sql_variant
0#!#-10
2#!#-29
876#!#-1234
-32768#!#32767
<NULL>#!#100
~~END~~

Select * from destinationTable;
go
~~START~~
sql_variant#!#sql_variant
0#!#-10
2#!#-29
876#!#-1234
-32768#!#32767
<NULL>#!#100
~~END~~

drop table sourceTable;
go
drop table destinationTable;
go



Create table sourceTable(a sql_variant, b sql_variant not null);
go
Create table destinationTable(a sql_variant, b sql_variant not null);
go
Insert into sourceTable values (cast (0 as INT),cast (-10 as INT));
go
~~ROW COUNT: 1~~

Insert into sourceTable values (cast (-12345 as INT),cast (10 as INT));
go
~~ROW COUNT: 1~~

Insert into sourceTable values (cast (004 as INT),cast (224466 as INT));
go
~~ROW COUNT: 1~~

Insert into sourceTable values (cast (-2147483648 as INT),cast (2147483647 as INT));
go
~~ROW COUNT: 1~~

Insert into sourceTable values (cast (NULL as INT), cast (100 as INT));
go
~~ROW COUNT: 1~~

insertbulk#!#sourceTable#!#destinationTable
~~ROW COUNT: 2~~

go
Select * from sourceTable;
go
~~START~~
sql_variant#!#sql_variant
0#!#-10
-12345#!#10
4#!#224466
-2147483648#!#2147483647
<NULL>#!#100
~~END~~

Select * from destinationTable;
go
~~START~~
sql_variant#!#sql_variant
0#!#-10
-12345#!#10
4#!#224466
-2147483648#!#2147483647
<NULL>#!#100
~~END~~

drop table sourceTable;
go
drop table destinationTable;
go



Create table sourceTable(a sql_variant, b sql_variant not null);
go
Create table destinationTable(a sql_variant, b sql_variant not null);
go
Insert into sourceTable values (cast (0 as BIGINT),cast (-120 as BIGINT));
go
~~ROW COUNT: 1~~

Insert into sourceTable values (cast (-12345 as BIGINT),cast (00100 as BIGINT));
go
~~ROW COUNT: 1~~

Insert into sourceTable values (cast (-12245532534 as BIGINT),cast (00000000000000086 as BIGINT));
go
~~ROW COUNT: 1~~

Insert into sourceTable values (cast (-9223372036854775808 as BIGINT),cast (9223372036854775807 as BIGINT));
go
~~ROW COUNT: 1~~

Insert into sourceTable values (cast (NULL as BIGINT), cast (-004 as BIGINT));
go
~~ROW COUNT: 1~~

insertbulk#!#sourceTable#!#destinationTable
~~ROW COUNT: 2~~

go
Select * from sourceTable;
go
~~START~~
sql_variant#!#sql_variant
0#!#-120
-12345#!#100
-12245532534#!#86
-9223372036854775808#!#9223372036854775807
<NULL>#!#-4
~~END~~

Select * from destinationTable;
go
~~START~~
sql_variant#!#sql_variant
0#!#-120
-12345#!#100
-12245532534#!#86
-9223372036854775808#!#9223372036854775807
<NULL>#!#-4
~~END~~

drop table sourceTable;
go
drop table destinationTable;
go


Create table sourceTable(a sql_variant, b sql_variant not null);
go
Create table destinationTable(a sql_variant, b sql_variant not null);
go
Insert into sourceTable values (cast (0 as REAL),cast (1.050 as REAL));
go
~~ROW COUNT: 1~~

Insert into sourceTable values (cast (-004 as REAL),cast (01.05 as REAL));
go
~~ROW COUNT: 1~~

Insert into sourceTable values (cast (00000000000000086 as REAL),cast (-0122455324.5 as REAL));
go
~~ROW COUNT: 1~~

Insert into sourceTable values (cast (3.40E+38 as REAL),cast (-3.40E+38 as REAL));
go
~~ROW COUNT: 1~~

Insert into sourceTable values (cast (NULL as REAL), cast (-000002 as REAL));
go
~~ROW COUNT: 1~~

insertbulk#!#sourceTable#!#destinationTable
~~ROW COUNT: 2~~

go
Select * from sourceTable;
go
~~START~~
sql_variant#!#sql_variant
0.0#!#1.05
-4.0#!#1.05
86.0#!#-1.22455328E8
3.4E38#!#-3.4E38
<NULL>#!#-2.0
~~END~~

Select * from destinationTable;
go
~~START~~
sql_variant#!#sql_variant
0.0#!#1.05
-4.0#!#1.05
86.0#!#-1.22455328E8
3.4E38#!#-3.4E38
<NULL>#!#-2.0
~~END~~

drop table sourceTable;
go
drop table destinationTable;
go


Create table sourceTable(a sql_variant, b sql_variant not null);
go
Create table destinationTable(a sql_variant, b sql_variant not null);
go
Insert into sourceTable values (cast (0 as FLOAT),cast (1.050 as FLOAT));
go
~~ROW COUNT: 1~~

Insert into sourceTable values (cast (-0012345234.5 as FLOAT),cast (01.05 as FLOAT));
go
~~ROW COUNT: 1~~

Insert into sourceTable values (cast (00000000000086 as FLOAT),cast (-00000002 as FLOAT));
go
~~ROW COUNT: 1~~

Insert into sourceTable values (cast (-1.79E+308 as FLOAT),cast (1.79E+308 as FLOAT));
go
~~ROW COUNT: 1~~

Insert into sourceTable values (cast (NULL as FLOAT), cast (100 as FLOAT));
go
~~ROW COUNT: 1~~

insertbulk#!#sourceTable#!#destinationTable
~~ROW COUNT: 2~~

go
Select * from sourceTable;
go
~~START~~
sql_variant#!#sql_variant
0.0#!#1.05
-1.23452345E7#!#1.05
86.0#!#-2.0
-1.79E308#!#1.79E308
<NULL>#!#100.0
~~END~~

Select * from destinationTable;
go
~~START~~
sql_variant#!#sql_variant
0.0#!#1.05
-1.23452345E7#!#1.05
86.0#!#-2.0
-1.79E308#!#1.79E308
<NULL>#!#100.0
~~END~~

drop table sourceTable;
go
drop table destinationTable;
go


CREATE TABLE money_dt(a sql_variant, b sql_variant);
go
prepst#!#INSERT INTO money_dt(a, b) VALUES (?, ?) #!#smallmoney|-|a|-|100.5#!#money|-|b|-|10.05
~~ROW COUNT: 1~~

go
prepst#!#exec#!#smallmoney|-|a|-|10#!#money|-|b|-|10
~~ROW COUNT: 1~~

go
prepst#!#exec#!#smallmoney|-|a|-|-10.05 #!#money|-|b|-|-10.0
~~ROW COUNT: 1~~

go
prepst#!#exec#!#smallmoney|-|a|-|-214748.3648#!#money|-|b|-|-922337203685477.5808
~~ROW COUNT: 1~~

go
prepst#!#exec#!#smallmoney|-|a|-|214748.3647#!#money|-|b|-|22337203685477.5807
~~ROW COUNT: 1~~

go
prepst#!#exec#!#smallmoney|-|a|-|214748.3647#!#money|-|b|-|22337203685477.5807
~~ROW COUNT: 1~~

go
prepst#!#exec#!#smallmoney|-|a|-|-214,748.3648#!#money|-|b|-|-922,337,203,685,477.5808
~~ROW COUNT: 1~~

go
prepst#!#exec#!#smallmoney|-|a|-|214,748.3647#!#money|-|b|-|922,337,203,685,477.5807
~~ROW COUNT: 1~~

go
prepst#!#exec#!#smallmoney|-|a|-|214,748.3647#!#money|-|b|-|922,337,203,685,477.5807
~~ROW COUNT: 1~~

go
prepst#!#exec#!#smallmoney|-|a|-|<NULL>#!#money|-|b|-|<NULL>
~~ROW COUNT: 1~~

go
SELECT * FROM money_dt;
go
~~START~~
sql_variant#!#sql_variant
100.5#!#10.05
10#!#10
-10.05#!#-10.0
-214748.3648#!#-922337203685477.5808
214748.3647#!#22337203685477.5807
214748.3647#!#22337203685477.5807
-214748.3648#!#-922337203685477.5808
214748.3647#!#922337203685477.5807
214748.3647#!#922337203685477.5807
<NULL>#!#<NULL>
~~END~~

DROP TABLE money_dt;
go

Create table sourceTable(a sql_variant, b sql_variant not null);
go
Create table destinationTable(a sql_variant, b sql_variant not null);
go
Insert into sourceTable values (cast (0 as MONEY),cast ('$1050' as MONEY));
go
~~ROW COUNT: 1~~

Insert into sourceTable values (cast (NULL as MONEY), cast (-000002 as MONEY));
go
~~ROW COUNT: 1~~

insertbulk#!#sourceTable#!#destinationTable
~~ROW COUNT: 2~~

go
Select * from sourceTable;
go
~~START~~
sql_variant#!#sql_variant
0.0000#!#1050.0000
<NULL>#!#-2.0000
~~END~~

Select * from destinationTable;
go
~~START~~
sql_variant#!#sql_variant
0.0000#!#1050.0000
<NULL>#!#-2.0000
~~END~~

drop table sourceTable;
go
drop table destinationTable;
go


Create table sourceTable(a sql_variant, b sql_variant not null);
go
Create table destinationTable(a sql_variant, b sql_variant not null);
go
Insert into sourceTable values (cast (0 as SMALLMONEY),cast ('$1050' as SMALLMONEY));
go
~~ROW COUNT: 1~~

Insert into sourceTable values (cast (NULL as SMALLMONEY), cast (-000002 as SMALLMONEY));
go
~~ROW COUNT: 1~~

insertbulk#!#sourceTable#!#destinationTable
~~ROW COUNT: 2~~

go
Select * from sourceTable;
go
~~START~~
sql_variant#!#sql_variant
0.0000#!#1050.0000
<NULL>#!#-2.0000
~~END~~

Select * from destinationTable;
go
~~START~~
sql_variant#!#sql_variant
0.0000#!#1050.0000
<NULL>#!#-2.0000
~~END~~

drop table sourceTable;
go
drop table destinationTable;
go



Create table sourceTable(a sql_variant, b sql_variant not null);
go
Create table destinationTable(a sql_variant, b sql_variant not null);
go
INSERT INTO sourceTable values(CAST('2000-12-13' as DATE), CAST('1900-02-28' as DATE))
go
~~ROW COUNT: 1~~

INSERT INTO sourceTable values(CAST(NULL as DATE), CAST('0001-01-01' as DATE))
go
~~ROW COUNT: 1~~

insertbulk#!#sourceTable#!#destinationTable
~~ROW COUNT: 2~~

go
Select * from sourceTable;
go
~~START~~
sql_variant#!#sql_variant
2000-12-13#!#1900-02-28
<NULL>#!#0001-01-01
~~END~~

Select * from destinationTable;
go
~~START~~
sql_variant#!#sql_variant
2000-12-13#!#1900-02-28
<NULL>#!#0001-01-01
~~END~~

drop table sourceTable;
go
drop table destinationTable;
go



Create table sourceTable(a sql_variant, b sql_variant not null);
go
Create table destinationTable(a sql_variant, b sql_variant not null);
go
INSERT INTO sourceTable values(CAST('2007-05-08 12:35:29' as SMALLDATETIME), CAST('2007-05-08 12:35:30' as SMALLDATETIME))
go
~~ROW COUNT: 1~~

INSERT INTO sourceTable values(CAST('2007-05-08 12:59:59.998' as SMALLDATETIME), CAST('2000-02-28 23:59:59.999' as SMALLDATETIME))
go
~~ROW COUNT: 1~~

INSERT INTO sourceTable values(CAST('1900-02-28 23:59:59.999' as SMALLDATETIME), CAST('2000-02-28 23:45:29.999' as SMALLDATETIME))
go
~~ROW COUNT: 1~~

INSERT INTO sourceTable values(CAST(NULL as SMALLDATETIME), CAST('1900-01-01 00:00:00' as SMALLDATETIME))
go
~~ROW COUNT: 1~~

insertbulk#!#sourceTable#!#destinationTable
~~ROW COUNT: 2~~

go
Select * from sourceTable;
go
~~START~~
sql_variant#!#sql_variant
2007-05-08 12:35:00.0#!#2007-05-08 12:36:00.0
2007-05-08 13:00:00.0#!#2000-02-29 00:00:00.0
1900-03-01 00:00:00.0#!#2000-02-28 23:46:00.0
<NULL>#!#1900-01-01 00:00:00.0
~~END~~

Select * from destinationTable;
go
~~START~~
sql_variant#!#sql_variant
2007-05-08 12:35:00.0#!#2007-05-08 12:36:00.0
2007-05-08 13:00:00.0#!#2000-02-29 00:00:00.0
1900-03-01 00:00:00.0#!#2000-02-28 23:46:00.0
<NULL>#!#1900-01-01 00:00:00.0
~~END~~

drop table sourceTable;
go
drop table destinationTable;
go




Create table sourceTable(a sql_variant, b sql_variant not null);
go
Create table destinationTable(a sql_variant, b sql_variant not null);
go
INSERT INTO sourceTable values(CAST('2000-12-13 12:58:23.123' as DATETIME), CAST('1900-02-28 23:59:59.989' as DATETIME))
go
~~ROW COUNT: 1~~

INSERT INTO sourceTable values(CAST('1900-02-28 23:59:59.990' as DATETIME), CAST('1900-02-28 23:59:59.992' as DATETIME))
go
~~ROW COUNT: 1~~

INSERT INTO sourceTable values(CAST('1900-02-28 23:59:59.994' as DATETIME), CAST('1900-02-28 23:59:59.996' as DATETIME))
go
~~ROW COUNT: 1~~

INSERT INTO sourceTable values(CAST('1900-02-28 23:59:59.998' as DATETIME), CAST('1753-01-01 00:00:00.000' as DATETIME))
go
~~ROW COUNT: 1~~

INSERT INTO sourceTable values(CAST(NULL as DATETIME), CAST('9999-12-31 23:59:59.997' as DATETIME))
go
~~ROW COUNT: 1~~

insertbulk#!#sourceTable#!#destinationTable
~~ROW COUNT: 2~~

go
Select * from sourceTable;
go
~~START~~
sql_variant#!#sql_variant
2000-12-13 12:58:23.123#!#1900-02-28 23:59:59.99
1900-02-28 23:59:59.99#!#1900-02-28 23:59:59.993
1900-02-28 23:59:59.993#!#1900-02-28 23:59:59.997
1900-02-28 23:59:59.997#!#1753-01-01 00:00:00.0
<NULL>#!#9999-12-31 23:59:59.997
~~END~~

Select * from destinationTable;
go
~~START~~
sql_variant#!#sql_variant
2000-12-13 12:58:23.123#!#1900-02-28 23:59:59.99
1900-02-28 23:59:59.99#!#1900-02-28 23:59:59.993
1900-02-28 23:59:59.993#!#1900-02-28 23:59:59.997
1900-02-28 23:59:59.997#!#1753-01-01 00:00:00.0
<NULL>#!#9999-12-31 23:59:59.997
~~END~~

drop table sourceTable;
go
drop table destinationTable;
go


Create table sourceTable(a sql_variant, b sql_variant not null);
go
Create table destinationTable(a sql_variant, b sql_variant not null);
go
Insert into sourceTable values (cast ('Satarupa' as CHAR(24)),cast ('    Satarupa' as CHAR(24)));
go
~~ROW COUNT: 1~~

Insert into sourceTable values (cast ('' as CHAR(24)),cast ('   S,B' as CHAR(24)));
go
~~ROW COUNT: 1~~

Insert into sourceTable values (cast (NULL as CHAR(24)), cast ('  ' as CHAR(24)));
go
~~ROW COUNT: 1~~

insertbulk#!#sourceTable#!#destinationTable
~~ROW COUNT: 2~~

go
Select * from sourceTable;
go
~~START~~
sql_variant#!#sql_variant
Satarupa                #!#    Satarupa            
                        #!#   S,B                  
<NULL>#!#                        
~~END~~

Select * from destinationTable;
go
~~START~~
sql_variant#!#sql_variant
Satarupa                #!#    Satarupa            
                        #!#   S,B                  
<NULL>#!#                        
~~END~~

drop table sourceTable;
go
drop table destinationTable;
go



Create table sourceTable(a sql_variant, b sql_variant not null);
go
Create table destinationTable(a sql_variant, b sql_variant not null);
go
Insert into sourceTable values (cast ('Satarupa' as NCHAR(24)),cast ('    Satarupa' as NCHAR(24)));
go
~~ROW COUNT: 1~~

Insert into sourceTable values (cast ('' as NCHAR(24)),cast ('   S,B' as NCHAR(24)));
go
~~ROW COUNT: 1~~

INSERT INTO sourceTable  values(cast (' dthdcjdfjwf dwfw fgegegeg' as NCHAR(24)), cast ('😊😋😎😍😅😆' as NCHAR(24)))
go
~~ROW COUNT: 1~~

Insert into sourceTable values (cast (NULL as NCHAR(24)), cast ('  ' as NCHAR(24)));
go
~~ROW COUNT: 1~~

insertbulk#!#sourceTable#!#destinationTable
~~ROW COUNT: 2~~

go
Select * from sourceTable;
go
~~START~~
sql_variant#!#sql_variant
Satarupa                #!#    Satarupa            
                        #!#   S,B                  
 dthdcjdfjwf dwfw fgegeg#!#😊😋😎😍😅😆                  
<NULL>#!#                        
~~END~~

Select * from destinationTable;
go
~~START~~
sql_variant#!#sql_variant
Satarupa                #!#    Satarupa            
                        #!#   S,B                  
 dthdcjdfjwf dwfw fgegeg#!#😊😋😎😍😅😆                  
<NULL>#!#                        
~~END~~

drop table sourceTable;
go
drop table destinationTable;
go



Create table sourceTable(a sql_variant, b sql_variant not null);
go
Create table destinationTable(a sql_variant, b sql_variant not null);
go
Insert into sourceTable values (cast ('Satarupa' as NVARCHAR(24)),cast ('    Satarupa' as NVARCHAR(24)));
go
~~ROW COUNT: 1~~

Insert into sourceTable values (cast ('' as NVARCHAR(24)),cast ('   S,B' as NVARCHAR(24)));
go
~~ROW COUNT: 1~~

INSERT INTO sourceTable  values(cast (' dthdcjdfjwf dwfw fgegegeg' as NVARCHAR(24)), cast ('😊😋😎😍😅😆' as NVARCHAR(24)))
go
~~ROW COUNT: 1~~

Insert into sourceTable values (cast (NULL as NVARCHAR(24)), cast ('  ' as NVARCHAR(24)));
go
~~ROW COUNT: 1~~

insertbulk#!#sourceTable#!#destinationTable
~~ROW COUNT: 2~~

go
Select * from sourceTable;
go
~~START~~
sql_variant#!#sql_variant
Satarupa#!#    Satarupa
#!#   S,B
 dthdcjdfjwf dwfw fgegeg#!#😊😋😎😍😅😆
<NULL>#!#  
~~END~~

Select * from destinationTable;
go
~~START~~
sql_variant#!#sql_variant
Satarupa#!#    Satarupa
#!#   S,B
 dthdcjdfjwf dwfw fgegeg#!#😊😋😎😍😅😆
<NULL>#!#  
~~END~~

drop table sourceTable;
go
drop table destinationTable;
go




Create table sourceTable(a sql_variant, b sql_variant not null);
go
Create table destinationTable(a sql_variant, b sql_variant not null);
go
INSERT INTO sourceTable values(CAST('51f178a6-53c7-472c-9be1-1c08942342d7' as uniqueidentifier), CAST('bab96bc8-60b9-40dd-b0de-c90a80f5739e' as uniqueidentifier)) 
go
~~ROW COUNT: 1~~

INSERT INTO sourceTable values(CAST('dba2726c-2131-409f-aefa-5c8079571623' as uniqueidentifier), CAST('51f178a6-53c7-472c-9be1-1c08942342d7thisIsTooLong' as uniqueidentifier)) 
go
~~ROW COUNT: 1~~

INSERT INTO sourceTable values(NULL, CAST('60aeaa5c-e272-4b17-bad0-c25710fd7a60' as uniqueidentifier)) 
go
~~ROW COUNT: 1~~

insertbulk#!#sourceTable#!#destinationTable
~~ROW COUNT: 2~~

go
Select * from sourceTable;
go
~~START~~
sql_variant#!#sql_variant
51F178A6-53C7-472C-9BE1-1C08942342D7#!#BAB96BC8-60B9-40DD-B0DE-C90A80F5739E
DBA2726C-2131-409F-AEFA-5C8079571623#!#51F178A6-53C7-472C-9BE1-1C08942342D7
<NULL>#!#60AEAA5C-E272-4B17-BAD0-C25710FD7A60
~~END~~

Select * from destinationTable;
go
~~START~~
sql_variant#!#sql_variant
51F178A6-53C7-472C-9BE1-1C08942342D7#!#BAB96BC8-60B9-40DD-B0DE-C90A80F5739E
DBA2726C-2131-409F-AEFA-5C8079571623#!#51F178A6-53C7-472C-9BE1-1C08942342D7
<NULL>#!#60AEAA5C-E272-4B17-BAD0-C25710FD7A60
~~END~~

drop table sourceTable;
go
drop table destinationTable;
go

Create table sourceTable(a sql_variant, b sql_variant not null);
go
Create table destinationTable(a sql_variant, b sql_variant not null);
go
Insert into sourceTable values (cast ('Delhi' as VARCHAR(24)),cast ('    Surat' as VARCHAR(24)));
go
~~ROW COUNT: 1~~

Insert into sourceTable values (cast ('' as VARCHAR(24)),cast ('   S,B' as VARCHAR(24)));
go
~~ROW COUNT: 1~~

Insert into sourceTable values (cast (NULL as VARCHAR(24)), cast ('  ' as VARCHAR(24)));
go
~~ROW COUNT: 1~~

insertbulk#!#sourceTable#!#destinationTable
~~ROW COUNT: 2~~

go
Select * from sourceTable;
go
~~START~~
sql_variant#!#sql_variant
Delhi#!#    Surat
#!#   S,B
<NULL>#!#  
~~END~~

Select * from destinationTable;
go
~~START~~
sql_variant#!#sql_variant
Delhi#!#    Surat
#!#   S,B
<NULL>#!#  
~~END~~

drop table sourceTable;
go
drop table destinationTable;
go

Create table sourceTable(a sql_variant, b sql_variant not null);
go
Create table destinationTable(a sql_variant, b sql_variant not null);
go
Insert into sourceTable values (cast ('Delhi' as char(24)),cast ('    Surat' as char(24)));
go
~~ROW COUNT: 1~~

Insert into sourceTable values (cast ('' as char(24)),cast ('   S,B' as char(24)));
go
~~ROW COUNT: 1~~

Insert into sourceTable values (cast (NULL as char(24)), cast ('  ' as char(24)));
go
~~ROW COUNT: 1~~

insertbulk#!#sourceTable#!#destinationTable
~~ROW COUNT: 2~~

go
Select * from sourceTable;
go
~~START~~
sql_variant#!#sql_variant
Delhi                   #!#    Surat               
                        #!#   S,B                  
<NULL>#!#                        
~~END~~

Select * from destinationTable;
go
~~START~~
sql_variant#!#sql_variant
Delhi                   #!#    Surat               
                        #!#   S,B                  
<NULL>#!#                        
~~END~~

drop table sourceTable;
go
drop table destinationTable;
go

Create table sourceTable(a sql_variant, b sql_variant not null);
go
Insert into sourceTable values (cast (123.456 as numeric(5,2)), cast (123.4 as numeric(5,2)));
go
~~ROW COUNT: 1~~

Insert into sourceTable values (cast (NULL as numeric(5,2)), cast (123 as numeric(5,2)));
go
~~ROW COUNT: 1~~

Insert into sourceTable values (cast (-123.456 as numeric(5,2)), cast (-123 as numeric(5,2)));
go
~~ROW COUNT: 1~~

Select * from sourceTable;
go
~~START~~
sql_variant#!#sql_variant
123.46#!#123.40
<NULL>#!#123.00
-123.46#!#-123.00
~~END~~

drop table sourceTable;
go

Create table sourceTable(a sql_variant, b sql_variant not null);
go
Insert into sourceTable values (cast (123.456 as decimal(5,2)), cast (123.4 as decimal(5,2)));
go
~~ROW COUNT: 1~~

Insert into sourceTable values (cast (NULL as decimal(5,2)), cast (123 as decimal(5,2)));
go
~~ROW COUNT: 1~~

Insert into sourceTable values (cast (-123.456 as decimal(5,2)), cast (-123 as decimal(5,2)));
go
~~ROW COUNT: 1~~

Select * from sourceTable;
go
~~START~~
sql_variant#!#sql_variant
123.46#!#123.40
<NULL>#!#123.00
-123.46#!#-123.00
~~END~~

drop table sourceTable;
go


Create table sourceTable(a sql_variant, b sql_variant not null);
go
Insert into sourceTable values (cast ('12:45:37.123' as time(0)), cast ('12:45:37.123' as time(1)));
go
~~ROW COUNT: 1~~

Insert into sourceTable values (cast (NULL as time(3)), cast ('12:45:37.123' as time(2)));
go
~~ROW COUNT: 1~~

Insert into sourceTable values (cast ('12:45:37.123' as time(3)), cast ('12:45:37.1234' as time(4)));
go
~~ROW COUNT: 1~~

Insert into sourceTable values (cast ('12:45:37.12345' as time(5)), cast ('12:45:37.123456' as time(6)));
go
~~ROW COUNT: 1~~

Select * from sourceTable;
go
~~START~~
sql_variant#!#sql_variant
12:45:37.000000#!#12:45:37.100000
<NULL>#!#12:45:37.120000
12:45:37.123000#!#12:45:37.123400
12:45:37.123450#!#12:45:37.123456
~~END~~

drop table sourceTable;
go


Create table sourceTable(a sql_variant, b sql_variant not null);
go
Insert into sourceTable values (cast ('2016-10-23 12:45:37.123' as datetime2(0)), cast ('2016-10-23 12:45:37.123' as datetime2(1)));
go
~~ROW COUNT: 1~~

Insert into sourceTable values (cast (NULL as datetime2(3)), cast ('2016-10-23 12:45:37.123' as datetime2(2)));
go
~~ROW COUNT: 1~~

Insert into sourceTable values (cast ('2016-10-23 12:45:37.123' as datetime2(3)), cast ('2016-10-23 12:45:37.1234' as datetime2(4)));
go
~~ROW COUNT: 1~~

Insert into sourceTable values (cast ('2016-10-23 12:45:37.12345' as datetime2(5)), cast ('2016-10-23 12:45:37.123456' as datetime2(6)));
go
~~ROW COUNT: 1~~

Select * from sourceTable;
go
~~START~~
sql_variant#!#sql_variant
2016-10-23 12:45:37.0#!#2016-10-23 12:45:37.1
<NULL>#!#2016-10-23 12:45:37.12
2016-10-23 12:45:37.123#!#2016-10-23 12:45:37.1234
2016-10-23 12:45:37.12345#!#2016-10-23 12:45:37.123456
~~END~~

drop table sourceTable;
go
