USE master;
GO

CREATE TABLE babel_sequence_tinyint (id [tinyint] IDENTITY, col1 [tinyint]);
go
~~ERROR (Code: 33557097)~~

~~ERROR (Message: identity column type must be smallint, integer, or bigint)~~


-- CREATE PROCEDURE insert_babel_sequence_tinyint_id
-- @id tinyint, @val tinyint
-- AS BEGIN
    -- SET IDENTITY_INSERT babel_sequence_tinyint ON;
    -- INSERT INTO babel_sequence_tinyint (id, col1) VALUES (@id, @val);
    -- SET IDENTITY_INSERT babel_sequence_tinyint OFF;
-- END;
-- go
-- EXEC insert_babel_sequence_tinyint_id 2, 1;
-- go
-- EXEC insert_babel_sequence_tinyint_id 8, 2;
-- go
-- INSERT INTO babel_sequence_tinyint (col1) VALUES (10), (20), (30);
-- go
-- EXEC insert_babel_sequence_tinyint_id 16, 3;
-- go
-- EXEC insert_babel_sequence_tinyint_id 255, 4;
-- go
-- INSERT INTO babel_sequence_tinyint (col1) VALUES (40);
-- go
-- SELECT * FROM babel_sequence_tinyint;
-- go
CREATE TABLE babel_sequence_tinyint_dec (id [tinyint] IDENTITY(1,-1), col1 [tinyint]);
go
~~ERROR (Code: 33557097)~~

~~ERROR (Message: identity column type must be smallint, integer, or bigint)~~


-- INSERT INTO babel_sequence_tinyint_dec (col1) VALUES (10);
-- go
-- INSERT INTO babel_sequence_tinyint_dec (col1) VALUES (20);
-- go
-- INSERT INTO babel_sequence_tinyint_dec (col1) VALUES (30);
-- go
-- SELECT * FROM babel_sequence_tinyint_dec;
-- go
CREATE TABLE babel_sequence_smallint (id [smallint] IDENTITY, col1 [int]);
go
INSERT INTO babel_sequence_smallint (col1) VALUES (10), (20), (30);
go
~~ROW COUNT: 3~~

SELECT * FROM babel_sequence_smallint;
go
~~START~~
smallint#!#int
1#!#10
2#!#20
3#!#30
~~END~~


CREATE TABLE babel_sequence_int (id [int] IDENTITY, col1 [int]);
go
CREATE PROCEDURE insert_babel_sequence_int_id
@id INT, @val INT
AS BEGIN
    SET IDENTITY_INSERT babel_sequence_int ON;
    INSERT INTO babel_sequence_int (id, col1) VALUES (@id, @val);
    SET IDENTITY_INSERT babel_sequence_int OFF;
END;
go
EXEC insert_babel_sequence_int_id 2, 1;
go
~~ROW COUNT: 1~~

EXEC insert_babel_sequence_int_id 8, 2;
go
~~ROW COUNT: 1~~

INSERT INTO babel_sequence_int (col1) VALUES (10), (20), (30);
go
~~ROW COUNT: 3~~

EXEC insert_babel_sequence_int_id 16, 3;
go
~~ROW COUNT: 1~~

EXEC insert_babel_sequence_int_id 32, 4;
go
~~ROW COUNT: 1~~

SELECT * FROM babel_sequence_int;
go
~~START~~
int#!#int
2#!#1
8#!#2
9#!#10
10#!#20
11#!#30
16#!#3
32#!#4
~~END~~


CREATE TABLE babel_sequence_bigint (id [bigint] IDENTITY, col1 [int]);
go
INSERT INTO babel_sequence_bigint (col1) VALUES (10), (20), (30);
go
~~ROW COUNT: 3~~

SELECT * FROM babel_sequence_bigint;
go
~~START~~
bigint#!#int
1#!#10
2#!#20
3#!#30
~~END~~


CREATE TABLE babel_sequence_numeric (id numeric(18,0) IDENTITY, col1 int);
go
CREATE PROCEDURE insert_babel_sequence_numeric_id
@id NUMERIC, @val NUMERIC
AS BEGIN
    SET IDENTITY_INSERT babel_sequence_numeric ON;
    INSERT INTO babel_sequence_numeric (id, col1) VALUES (@id, @val);
    SET IDENTITY_INSERT babel_sequence_numeric OFF;
END;
go
EXEC insert_babel_sequence_numeric_id 2, 1;
go
~~ROW COUNT: 1~~

EXEC insert_babel_sequence_numeric_id 8, 2;
go
~~ROW COUNT: 1~~

INSERT INTO babel_sequence_numeric (col1) VALUES (10), (20), (30);
go
~~ROW COUNT: 3~~

EXEC insert_babel_sequence_numeric_id 16, 3;
go
~~ROW COUNT: 1~~

EXEC insert_babel_sequence_numeric_id 32, 4;
go
~~ROW COUNT: 1~~

SELECT * FROM babel_sequence_numeric;
go
~~START~~
bigint#!#int
2#!#1
8#!#2
9#!#10
10#!#20
11#!#30
16#!#3
32#!#4
~~END~~


CREATE TABLE babel_sequence_decimal (id decimal(18,0) IDENTITY, col1 int);
go
CREATE PROCEDURE insert_babel_sequence_decimal_id
@id DECIMAL, @val DECIMAL
AS BEGIN
    SET IDENTITY_INSERT babel_sequence_decimal ON;
    INSERT INTO babel_sequence_decimal (id, col1) VALUES (@id, @val);
    SET IDENTITY_INSERT babel_sequence_decimal OFF;
END;
go
EXEC insert_babel_sequence_decimal_id 2, 1;
go
~~ROW COUNT: 1~~

EXEC insert_babel_sequence_decimal_id 8, 2;
go
~~ROW COUNT: 1~~

INSERT INTO babel_sequence_decimal (col1) VALUES (10), (20), (30);
go
~~ROW COUNT: 3~~

EXEC insert_babel_sequence_decimal_id 16, 3;
go
~~ROW COUNT: 1~~

EXEC insert_babel_sequence_decimal_id 32, 4;
go
~~ROW COUNT: 1~~

SELECT * FROM babel_sequence_decimal;
go
~~START~~
bigint#!#int
2#!#1
8#!#2
9#!#10
10#!#20
11#!#30
16#!#3
32#!#4
~~END~~


-- Test faulty table creation
CREATE TABLE babel_sequence_numeric_faulty_scale (id numeric(18,6) IDENTITY, col1 int);
go
~~ERROR (Code: 33557097)~~

~~ERROR (Message: identity column must have scale 0)~~

CREATE TABLE babel_sequence_numeric_faulty_precision (id numeric(20,0) IDENTITY, col1 int);
go
~~ERROR (Code: 33557097)~~

~~ERROR (Message: identity column must have precision 18 or less)~~


-- Test ALTER on identity property
CREATE TABLE babel_sequence_alter (col1 [int]);
go
INSERT INTO babel_sequence_alter VALUES (-5), (10), (42);
go
~~ROW COUNT: 3~~


ALTER TABLE babel_sequence_alter ADD id_tinyint [tinyint] IDENTITY(1,1);
go
~~ERROR (Code: 33557097)~~

~~ERROR (Message: identity column type must be smallint, integer, or bigint)~~


-- SELECT * FROM babel_sequence_alter;
-- go
-- ALTER TABLE babel_sequence_alter DROP COLUMN id_tinyint;
-- go
ALTER TABLE babel_sequence_alter ADD id_smallint [smallint] IDENTITY(1,1);
go
SELECT * FROM babel_sequence_alter;
go
~~START~~
int#!#smallint
-5#!#1
10#!#2
42#!#3
~~END~~

ALTER TABLE babel_sequence_alter DROP COLUMN id_smallint;
go

ALTER TABLE babel_sequence_alter ADD id_int [int] IDENTITY;
go
SELECT * FROM babel_sequence_alter;
go
~~START~~
int#!#int
-5#!#1
10#!#2
42#!#3
~~END~~

ALTER TABLE babel_sequence_alter DROP COLUMN id_int;
go

ALTER TABLE babel_sequence_alter ADD id_bigint [bigint] IDENTITY(32,8);
go
INSERT INTO babel_sequence_alter VALUES (-5), (10), (42);
go
~~ROW COUNT: 3~~

SELECT * FROM babel_sequence_alter;
go
~~START~~
int#!#bigint
-5#!#32
10#!#40
42#!#48
-5#!#56
10#!#64
42#!#72
~~END~~

ALTER TABLE babel_sequence_alter DROP COLUMN id_bigint;
go

ALTER TABLE babel_sequence_alter ADD id_numeric numeric(18,0) IDENTITY(32,8);
go
INSERT INTO babel_sequence_alter VALUES (-5), (10), (42);
go
~~ROW COUNT: 3~~

SELECT * FROM babel_sequence_alter;
go
~~START~~
int#!#bigint
-5#!#32
10#!#40
42#!#48
-5#!#56
10#!#64
42#!#72
-5#!#80
10#!#88
42#!#96
~~END~~

ALTER TABLE babel_sequence_alter DROP COLUMN id_numeric;
go

ALTER TABLE babel_sequence_alter ADD id_decimal decimal(18,0) IDENTITY(32,8);
go
INSERT INTO babel_sequence_alter VALUES (-5), (10), (42);
go
~~ROW COUNT: 3~~

SELECT * FROM babel_sequence_alter;
go
~~START~~
int#!#bigint
-5#!#32
10#!#40
42#!#48
-5#!#56
10#!#64
42#!#72
-5#!#80
10#!#88
42#!#96
-5#!#104
10#!#112
42#!#120
~~END~~

ALTER TABLE babel_sequence_alter DROP COLUMN id_decimal;
go

-- Test sequences
CREATE SEQUENCE seq_tinyint
AS [tinyint]
START WITH 1
INCREMENT BY 1
CACHE  50
go
~~ERROR (Code: 11702)~~

~~ERROR (Message: sequence type must be smallint, integer, or bigint)~~


-- SELECT nextval('seq_tinyint');
-- go
-- SELECT setval('seq_tinyint', 255);
-- go
-- SELECT nextval('seq_tinyint');
-- go
CREATE SEQUENCE seq_smallint
AS [smallint]
START WITH 1
INCREMENT BY 1
CACHE  50
go
SELECT nextval('seq_smallint');
go
~~START~~
bigint
1
~~END~~

SELECT setval('seq_smallint', 32767);
go
~~START~~
bigint
32767
~~END~~

SELECT nextval('seq_smallint');
go
~~START~~
bigint
~~ERROR (Code: 33557097)~~

~~ERROR (Message: An error occurred during the current command (Done status 0). nextval: reached maximum value of sequence "seq_smallint" (32767))~~


CREATE SEQUENCE seq_int
AS [int]
START WITH 1
INCREMENT BY 1
CACHE  50
go
SELECT nextval('seq_int');
go
~~START~~
bigint
1
~~END~~

SELECT setval('seq_int', 2147483647);
go
~~START~~
bigint
2147483647
~~END~~

SELECT nextval('seq_int');
go
~~START~~
bigint
~~ERROR (Code: 33557097)~~

~~ERROR (Message: An error occurred during the current command (Done status 0). nextval: reached maximum value of sequence "seq_int" (2147483647))~~


CREATE SEQUENCE seq_bigint
AS [bigint]
START WITH 1
INCREMENT BY 1
CACHE  50
go
SELECT nextval('seq_bigint');
go
~~START~~
bigint
1
~~END~~

SELECT setval('seq_bigint', 9223372036854775807);
go
~~START~~
bigint
9223372036854775807
~~END~~

SELECT nextval('seq_bigint');
go
~~START~~
bigint
~~ERROR (Code: 33557097)~~

~~ERROR (Message: An error occurred during the current command (Done status 0). nextval: reached maximum value of sequence "seq_bigint" (9223372036854775807))~~


CREATE SEQUENCE seq_numeric
AS numeric(18,0)
START WITH 1
INCREMENT BY 1
CACHE  50
go
SELECT nextval('seq_numeric');
go
~~START~~
bigint
1
~~END~~

SELECT setval('seq_numeric', 9223372036854775807);
go
~~START~~
bigint
9223372036854775807
~~END~~

SELECT nextval('seq_numeric');
go
~~START~~
bigint
~~ERROR (Code: 33557097)~~

~~ERROR (Message: An error occurred during the current command (Done status 0). nextval: reached maximum value of sequence "seq_numeric" (9223372036854775807))~~


CREATE SEQUENCE seq_decimal
AS decimal(18,0)
START WITH 1
INCREMENT BY 1
CACHE  50
go
SELECT nextval('seq_decimal');
go
~~START~~
bigint
1
~~END~~

SELECT setval('seq_decimal', 9223372036854775807);
go
~~START~~
bigint
9223372036854775807
~~END~~

SELECT nextval('seq_decimal');
go
~~START~~
bigint
~~ERROR (Code: 33557097)~~

~~ERROR (Message: An error occurred during the current command (Done status 0). nextval: reached maximum value of sequence "seq_decimal" (9223372036854775807))~~


-- Test faulty sequence creation
CREATE SEQUENCE seq_tinyint_faulty_min
AS [tinyint]
START WITH 1
INCREMENT BY 1
MINVALUE -1
MAXVALUE 255
CACHE  50
go
~~ERROR (Code: 33557097)~~

~~ERROR (Message: MINVALUE (-1) is out of range for sequence data type tinyint)~~


CREATE SEQUENCE seq_tinyint_faulty_max
AS [tinyint]
START WITH 1
INCREMENT BY 1
MINVALUE 0
MAXVALUE 256
CACHE  50
go
~~ERROR (Code: 11708)~~

~~ERROR (Message: MAXVALUE (256) is out of range for sequence data type tinyint)~~


CREATE SEQUENCE seq_numeric_faulty_scale
AS numeric(10,1)
START WITH 1
INCREMENT BY 1
CACHE  50
go
~~ERROR (Code: 33557097)~~

~~ERROR (Message: sequence type must have scale 0)~~


CREATE SEQUENCE seq_numeric_faulty_precision
AS numeric(21,0)
START WITH 1
INCREMENT BY 1
CACHE  50
go
~~ERROR (Code: 33557097)~~

~~ERROR (Message: sequence type must have precision 18 or less)~~


DROP PROC insert_babel_sequence_int_id, insert_babel_sequence_numeric_id, insert_babel_sequence_decimal_id;
go
DROP TABLE babel_sequence_smallint, babel_sequence_int, babel_sequence_bigint, babel_sequence_numeric, babel_sequence_decimal, babel_sequence_alter;
go
DROP SEQUENCE seq_smallint, seq_int, seq_bigint, seq_numeric, seq_decimal;
go
