-- psql
create extension pgagent
go

select extname from pg_extension where extname = 'pgagent'
go
~~START~~
name
pgagent
~~END~~


drop extension pgagent
go
