-- NULL
SELECT reverse(NULL)
GO
~~START~~
nvarchar
<NULL>
~~END~~


-- empty string
SELECT reverse('')
GO
~~START~~
nvarchar

~~END~~


-- input type char
DECLARE @inputString CHAR(25) = 'abcðŸ™‚defghiðŸ™‚ðŸ™‚'
SELECT reverse(@inputString)
GO
~~START~~
nvarchar
             ??ihgfed?cba
~~END~~


DECLARE @inputString CHAR(25) = 'æ¯”å°”Â·æ‹‰èŽ«æ–¯'
SELECT reverse(@inputString)
GO
~~START~~
nvarchar
                   ???Â·??
~~END~~


DECLARE @inputString CHAR(25) = 'æ¯”å°”Â·æ‹‰èŽ«æ–¯'
SELECT reverse(@inputString) COLLATE CHINESE_PRC_CI_AS
GO
~~START~~
nvarchar
                   ???Â·??
~~END~~


-- input type varchar
DECLARE @inputString VARCHAR(25) = 'abcðŸ™‚defghiðŸ™‚ðŸ™‚'
SELECT reverse(@inputString)
GO
~~START~~
nvarchar
ðŸ™‚ðŸ™‚ihgfedðŸ™‚cba
~~END~~


DECLARE @inputString VARCHAR(25) = 'æ¯”å°”Â·æ‹‰èŽ«æ–¯'
SELECT reverse(@inputString)
GO
~~START~~
nvarchar
æ–¯èŽ«æ‹‰Â·å°”æ¯”
~~END~~


DECLARE @inputString VARCHAR(25) = 'æ¯”å°”Â·æ‹‰èŽ«æ–¯'
SELECT reverse(@inputString) COLLATE CHINESE_PRC_CI_AS
GO
~~START~~
nvarchar
æ–¯èŽ«æ‹‰Â·å°”æ¯”
~~END~~


-- with table column of type varchar with collation chinese_prc_ci_as
SELECT reverse(a) FROM babel_4839_reverse_chinese_prc_ci_as
GO
~~START~~
nvarchar
æ–¯èŽ«æ‹‰Â·å°”æ¯”
~~END~~


SELECT reverse(a) COLLATE CHINESE_PRC_CI_AS FROM babel_4839_reverse_chinese_prc_ci_as
GO
~~START~~
nvarchar
æ–¯èŽ«æ‹‰Â·å°”æ¯”
~~END~~


-- with table column of type varchar with collation chinese_prc_cs_as
SELECT reverse(a) FROM babel_4839_reverse_chinese_prc_cs_as
GO
~~START~~
nvarchar
æ–¯èŽ«æ‹‰Â·å°”æ¯”
~~END~~


SELECT reverse(a) COLLATE CHINESE_PRC_CS_AS FROM babel_4839_reverse_chinese_prc_cs_as
GO
~~START~~
nvarchar
æ–¯èŽ«æ‹‰Â·å°”æ¯”
~~END~~


-- with table column of type varchar with collation chinese_prc_ci_ai
SELECT reverse(a) FROM babel_4839_reverse_chinese_prc_ci_ai
GO
~~START~~
nvarchar
æ–¯èŽ«æ‹‰Â·å°”æ¯”
~~END~~


SELECT reverse(a) COLLATE CHINESE_PRC_CI_AI FROM babel_4839_reverse_chinese_prc_ci_ai
GO
~~START~~
nvarchar
æ–¯èŽ«æ‹‰Â·å°”æ¯”
~~END~~


-- with table column of type varchar with collation arabic_prc_ci_as
SELECT reverse(a) FROM babel_4839_reverse_arabic_ci_as
GO
~~START~~
nvarchar
Ù†ÙŠÙ‚ØªÙ…Ù„Ø§ Ø¹Ù… Ù‡Ù„Ù„Ø§
~~END~~


SELECT reverse(a) COLLATE ARABIC_CI_AS FROM babel_4839_reverse_arabic_ci_as
GO
~~START~~
nvarchar
Ù†ÙŠÙ‚ØªÙ…Ù„Ø§ Ø¹Ù… Ù‡Ù„Ù„Ø§
~~END~~


-- with table column of type varchar with collation arabic_prc_cs_as
SELECT reverse(a) FROM babel_4839_reverse_arabic_cs_as
GO
~~START~~
nvarchar
Ù†ÙŠÙ‚ØªÙ…Ù„Ø§ Ø¹Ù… Ù‡Ù„Ù„Ø§
~~END~~


SELECT reverse(a) COLLATE ARABIC_CS_AS FROM babel_4839_reverse_arabic_cs_as
GO
~~START~~
nvarchar
Ù†ÙŠÙ‚ØªÙ…Ù„Ø§ Ø¹Ù… Ù‡Ù„Ù„Ø§
~~END~~


-- with table column of type varchar with collation arabic_prc_ci_ai
SELECT reverse(a) FROM babel_4839_reverse_arabic_ci_ai
GO
~~START~~
nvarchar
Ù†ÙŠÙ‚ØªÙ…Ù„Ø§ Ø¹Ù… Ù‡Ù„Ù„Ø§
~~END~~


SELECT reverse(a) COLLATE ARABIC_CI_AI FROM babel_4839_reverse_arabic_ci_ai
GO
~~START~~
nvarchar
Ù†ÙŠÙ‚ØªÙ…Ù„Ø§ Ø¹Ù… Ù‡Ù„Ù„Ø§
~~END~~


-- input type nchar
DECLARE @inputString NCHAR(25) = N'abcðŸ™‚defghiðŸ™‚ðŸ™‚'
SELECT reverse(@inputString)
GO
~~START~~
nvarchar
             ??ihgfed?cba
~~END~~


DECLARE @inputString NCHAR(25) = N'æ¯”å°”Â·æ‹‰èŽ«æ–¯'
SELECT reverse(@inputString)
GO
~~START~~
nvarchar
                   ???Â·??
~~END~~


-- with table column of type nchar
SELECT reverse(a) FROM babel_4839_reverse_t1 
GO
~~START~~
nvarchar
                                      ðŸ™‚ðŸ™‚ihgfedðŸ™‚cba
                                            æ–¯èŽ«æ‹‰Â·å°”æ¯”
~~END~~


-- input type nvarchar
DECLARE @inputString NVARCHAR(25) = N'abcðŸ™‚defghiðŸ™‚ðŸ™‚'
SELECT reverse(@inputString)
GO
~~START~~
nvarchar
ðŸ™‚ðŸ™‚ihgfedðŸ™‚cba
~~END~~


DECLARE @inputString NVARCHAR(25) = N'æ¯”å°”Â·æ‹‰èŽ«æ–¯'
SELECT reverse(@inputString)
GO
~~START~~
nvarchar
æ–¯èŽ«æ‹‰Â·å°”æ¯”
~~END~~


-- input type binary
DECLARE @inputString BINARY(10) = 0x6162636465666768
SELECT reverse(@inputString)
GO
~~START~~
nvarchar
8676665646362616x0
~~END~~


-- input type varbinary
DECLARE @inputString VARBINARY(10) = 0x6162636465666768
SELECT reverse(@inputString)
GO
~~START~~
nvarchar
8676665646362616x0
~~END~~


-- dependent objects
SELECT * FROM babel_4839_reverse_dep_view
GO
~~START~~
nvarchar
ðŸ™‚ðŸ™‚ihgfedðŸ™‚cba
~~END~~


EXEC babel_4839_reverse_dep_proc
GO
~~START~~
nvarchar
ðŸ™‚ðŸ™‚ihgfedðŸ™‚cba
~~END~~


SELECT * FROM babel_4839_reverse_dep_func()
GO
~~START~~
nvarchar
ðŸ™‚ðŸ™‚ihgfedðŸ™‚cba
~~END~~


SELECT * FROM babel_4839_reverse_itvf_func()
GO
~~START~~
nvarchar
ðŸ™‚ðŸ™‚ihgfedðŸ™‚cba
~~END~~


SELECT * FROM babel_4839_reverse_dep_view_1
GO
~~START~~
nvarchar
                                      ðŸ™‚ðŸ™‚ihgfedðŸ™‚cba
                                            æ–¯èŽ«æ‹‰Â·å°”æ¯”
~~END~~


SELECT * FROM babel_4839_reverse_dep_view_2
GO
~~START~~
nvarchar
ðŸ™‚ðŸ™‚ihgfedðŸ™‚cba
~~END~~


SELECT * FROM babel_4839_reverse_dep_view_3
GO
~~START~~
nvarchar
                                         ihgfedcba
~~END~~


SELECT * FROM babel_4839_reverse_dep_view_4
GO
~~START~~
nvarchar
ihgfedcba
~~END~~


SELECT * FROM babel_4839_reverse_dep_view_5
GO
~~START~~
nvarchar
0202463626160202x0
~~END~~


SELECT * FROM babel_4839_reverse_dep_view_6
GO
~~START~~
varchar
??ihgfed?cba
~~END~~


SELECT * FROM babel_4839_reverse_dep_view_7
GO
~~START~~
nvarchar
ðŸ™‚ðŸ™‚ihgfedðŸ™‚cba
~~END~~


-- input type UDT
-- -- in table babel_4839_reverse_UDT, col 'a' has basetype image and col 'b' has basetype varchar
SELECT reverse(a) FROM babel_4839_reverse_UDT
GO
~~START~~
nvarchar
665646362616x0
~~END~~


SELECT reverse(b) FROM babel_4839_reverse_UDT
GO
~~START~~
nvarchar
fedcba
~~END~~


-- other different datatypes, datatypes that are not implicitly coercible to varchar/nvarchar should throw error
DECLARE @inputString date = '2016-12-21';
SELECT reverse(@inputString)
GO
~~START~~
nvarchar
12-21-6102
~~END~~


DECLARE @date date = '12-21-16';  
DECLARE @inputString datetime = @date;
SELECT reverse(@inputString)
GO
~~START~~
nvarchar
00:00:00 12-21-6102
~~END~~


DECLARE @inputString smalldatetime = '1955-12-13 12:43:10';
SELECT reverse(@inputString)
GO
~~START~~
nvarchar
00:34:21 31-21-5591
~~END~~


DECLARE @inputString time(4) = '12:10:05.1237';
SELECT reverse(@inputString)
GO
~~START~~
nvarchar
7321.50:01:21
~~END~~


DECLARE @inputString datetimeoffset(4) = '1968-10-23 12:45:37.1234 +10:0';
SELECT reverse(@inputString)
GO
~~START~~
nvarchar
00:01+ 4321.73:54:21 32-01-8691
~~END~~


DECLARE @inputString datetime2(4) = '1968-10-23 12:45:37.1237';
SELECT reverse(@inputString)
GO
~~START~~
nvarchar
7321.73:54:21 32-01-8691
~~END~~


DECLARE @inputString decimal = 123456;
SELECT reverse(@inputString)
GO
~~START~~
nvarchar
654321
~~END~~


DECLARE @inputString numeric = 12345.12;
SELECT reverse(@inputString)
GO
~~START~~
nvarchar
54321
~~END~~


DECLARE @inputString float = 12345.1;
SELECT reverse(@inputString)
GO
~~START~~
nvarchar
1.54321
~~END~~


DECLARE @inputString real = 12345.1;
SELECT reverse(@inputString)
GO
~~START~~
nvarchar
1.54321
~~END~~


DECLARE @inputString bigint = 12345678;
SELECT reverse(@inputString)
GO
~~START~~
nvarchar
87654321
~~END~~


DECLARE @inputString int = 12345678;
SELECT reverse(@inputString)
GO
~~START~~
nvarchar
87654321
~~END~~


DECLARE @inputString smallint = 12356;
SELECT reverse(@inputString)
GO
~~START~~
nvarchar
65321
~~END~~


DECLARE @inputString tinyint = 235;
SELECT reverse(@inputString)
GO
~~START~~
nvarchar
532
~~END~~


DECLARE @inputString money = 12356;
SELECT reverse(@inputString)
GO
~~START~~
nvarchar
0000.65321
~~END~~


DECLARE @inputString smallmoney = 12356;
SELECT reverse(@inputString)
GO
~~START~~
nvarchar
0000.65321
~~END~~


DECLARE @inputString bit = 1;
SELECT reverse(@inputString)
GO
~~START~~
nvarchar
1
~~END~~


DECLARE @inputString uniqueidentifier = CAST ('6F9619FF-8B86-D011-B42D-00C04FC964FF' AS uniqueidentifier)
SELECT reverse(@inputString)
GO
~~START~~
nvarchar
FF469CF40C00-D24B-110D-68B8-FF9169F6
~~END~~


SELECT reverse(a) from babel_4839_reverse_image;
GO
~~START~~
nvarchar
646443639334644303340303d244234324d213130344d263832483d26464931363936463x0
~~END~~


-- input datatype text
SELECT reverse(a) FROM babel_4839_reverse_text
GO
~~START~~
varchar
??ihgfed?cba
~~END~~


-- input datatype ntext
SELECT reverse(b) FROM babel_4839_reverse_text
GO
~~START~~
nvarchar
ðŸ™‚ðŸ™‚ihgfedðŸ™‚cba
~~END~~


DECLARE @inputString sql_variant = CAST ('6F9619FF-8B86-D011-B42D-00C04FC964FF' AS sql_variant)
SELECT reverse(@inputString)
GO
~~START~~
varchar
FF469CF40C00-D24B-110D-68B8-FF9169F6
~~END~~


DECLARE @inputString xml = CAST ('<body><fruit/></body>' AS xml)
SELECT reverse(@inputString)
GO
~~ERROR (Code: 206)~~

~~ERROR (Message: The function reverse is found but cannot be used. Possibly due to datatype mismatch and implicit casting is not allowed.)~~


DECLARE @inputString geometry = geometry::STGeomFromText('POINT (1 2)', 0);
SELECT reverse(@inputString)
GO
~~ERROR (Code: 33557097)~~

~~ERROR (Message: 'GEOMETRY datatype' is not currently supported in Babelfish)~~


DECLARE @inputString geography = geography::STGeomFromText('POINT(-122.34900 47.65100)', 4326);
SELECT reverse(@inputString)
GO
~~ERROR (Code: 33557097)~~

~~ERROR (Message: 'GEOGRAPHY datatype' is not currently supported in Babelfish)~~


DECLARE @inputString sql_variant = CAST ('6F9619FF-8B86-D011-B42D-00C04FC964FF' AS sql_variant)
SELECT reverse(CAST(@inputString AS VARCHAR(50)))
GO
~~START~~
nvarchar
FF469CF40C00-D24B-110D-68B8-FF9169F6
~~END~~


DECLARE @inputString xml = CAST ('<body><fruit/></body>' AS xml)
SELECT reverse(CAST(@inputString AS VARCHAR(50)))
GO
~~START~~
nvarchar
>ydob/<>/tiurf<>ydob<
~~END~~


DECLARE @inputString geometry = geometry::STGeomFromText('POINT (1 2)', 0);
SELECT reverse(CAST(@inputString AS VARCHAR(50)))
GO
~~ERROR (Code: 33557097)~~

~~ERROR (Message: 'GEOMETRY datatype' is not currently supported in Babelfish)~~

