CREATE TABLE TINYINT_dt (a TINYINT)
prepst#!# INSERT INTO TINYINT_dt(a) values(?) #!#TINYINT|-|a|-|0
~~ROW COUNT: 1~~

prepst#!#exec#!#TINYINT|-|a|-|-10
~~ERROR (Code: 33557097)~~

~~ERROR (Message: value "-10" is out of range for type tinyint)~~

prepst#!#exec#!#TINYINT|-|a|-|100
~~ROW COUNT: 1~~

prepst#!#exec#!#TINYINT|-|a|-|002
~~ROW COUNT: 1~~

prepst#!#exec#!#TINYINT|-|a|-|029
~~ROW COUNT: 1~~

prepst#!#exec#!#TINYINT|-|a|-|004
~~ROW COUNT: 1~~

prepst#!#exec#!#TINYINT|-|a|-|87
~~ROW COUNT: 1~~

prepst#!#exec#!#TINYINT|-|a|-|0
~~ROW COUNT: 1~~

prepst#!#exec#!#TINYINT|-|a|-|255
~~ROW COUNT: 1~~

prepst#!#exec#!#TINYINT|-|a|-|<NULL>
~~ROW COUNT: 1~~

INSERT INTO TINYINT_dt(a) values(0)
~~ROW COUNT: 1~~

INSERT INTO TINYINT_dt(a) values(120)
~~ROW COUNT: 1~~

INSERT INTO TINYINT_dt(a) values(100)
~~ROW COUNT: 1~~

INSERT INTO TINYINT_dt(a) values(004)
~~ROW COUNT: 1~~

INSERT INTO TINYINT_dt(a) values(0)
~~ROW COUNT: 1~~

INSERT INTO TINYINT_dt(a) values(002)
~~ROW COUNT: 1~~

INSERT INTO TINYINT_dt(a) values(86)
~~ROW COUNT: 1~~

INSERT INTO TINYINT_dt(a) values(1000)
~~ERROR (Code: 33557097)~~

~~ERROR (Message: value "1000" is out of range for type tinyint)~~

INSERT INTO TINYINT_dt(a) values(255)
~~ROW COUNT: 1~~

INSERT INTO TINYINT_dt(a) values(NULL)
~~ROW COUNT: 1~~

