
-- arithmetic

select cast(1 as tinyint) + 1
~~START~~
int
2
~~END~~

select cast(1 as tinyint) - 1
~~START~~
int
0
~~END~~

select cast(2 as tinyint) * 2
~~START~~
int
4
~~END~~

select cast(4 as tinyint) / 2
~~START~~
int
2
~~END~~

select cast(5 as tinyint) % 2
~~START~~
int
1
~~END~~


select 1 + cast(1 as tinyint)
~~START~~
int
2
~~END~~

select 1 - cast(1 as tinyint)
~~START~~
int
0
~~END~~

select 1 * cast(2 as tinyint)
~~START~~
int
2
~~END~~

select 4 / cast(2 as tinyint)
~~START~~
int
2
~~END~~

select 5 % cast(2 as tinyint)
~~START~~
int
1
~~END~~


declare @a tinyint = 1; select @a += 1; select @a;
~~START~~
tinyint
2
~~END~~

declare @a tinyint = 2; select @a -= 2; select @a;
~~START~~
tinyint
0
~~END~~

declare @a tinyint = 4; select @a *= 2; select @a;
~~START~~
tinyint
8
~~END~~

declare @a tinyint = 5; select @a /= 2; select @a;
~~START~~
tinyint
2
~~END~~


-- bitwise

select cast(3 as tinyint) & 6
~~START~~
int
2
~~END~~

select cast(3 as tinyint) | 5
~~START~~
int
7
~~END~~

select cast(3 as tinyint) ^ 5
~~START~~
int
6
~~END~~


select 3 & cast(6 as tinyint)
~~START~~
int
2
~~END~~

select 3 | cast(5 as tinyint)
~~START~~
int
7
~~END~~

select 3 ^  cast(5 as tinyint)
~~START~~
int
6
~~END~~


declare @a tinyint = 3; select @a &= 6; select @a;
~~START~~
tinyint
2
~~END~~

declare @a tinyint = 3; select @a |= 5; select @a;
~~START~~
tinyint
7
~~END~~

declare @a tinyint = 3; select @a ^= 5; select @a;
~~START~~
tinyint
6
~~END~~


-- comparison

select 1 where cast(2 as tinyint) >  1
~~START~~
int
1
~~END~~

select 1 where cast(1 as tinyint) >= 1
~~START~~
int
1
~~END~~

select 1 where cast(1 as tinyint) =  1
~~START~~
int
1
~~END~~

select 1 where cast(1 as tinyint) <  2
~~START~~
int
1
~~END~~

select 1 where cast(1 as tinyint) <= 1
~~START~~
int
1
~~END~~

select 1 where cast(1 as tinyint) <> 2
~~START~~
int
1
~~END~~

select 1 where cast(1 as tinyint) != 2
~~START~~
int
1
~~END~~


select 1 where 2 >  cast(1 as tinyint)
~~START~~
int
1
~~END~~

select 1 where 1 >= cast(1 as tinyint)
~~START~~
int
1
~~END~~

select 1 where 1 =  cast(1 as tinyint)
~~START~~
int
1
~~END~~

select 1 where 1 <  cast(2 as tinyint)
~~START~~
int
1
~~END~~

select 1 where 1 <= cast(1 as tinyint)
~~START~~
int
1
~~END~~

select 1 where 1 <> cast(2 as tinyint)
~~START~~
int
1
~~END~~

select 1 where 1 != cast(2 as tinyint)
~~START~~
int
1
~~END~~

