
-- assignment
declare @a tinyint = 1; declare @b bit; set @b = @a; select @b;
~~START~~
bit
1
~~END~~

declare @a bit = 1; declare @b tinyint; set @b = @a; select @b;
~~START~~
tinyint
1
~~END~~


-- arithmetic

select cast(1 as tinyint) + cast(1 as bit)
~~START~~
tinyint
2
~~END~~

select cast(1 as tinyint) - cast(1 as bit)
~~START~~
tinyint
0
~~END~~

select cast(2 as tinyint) * cast(1 as bit)
~~START~~
tinyint
2
~~END~~

select cast(4 as tinyint) / cast(1 as bit)
~~START~~
tinyint
4
~~END~~

select cast(5 as tinyint) % cast(1 as bit)
~~START~~
tinyint
0
~~END~~


select cast(1 as bit) + cast(1 as tinyint)
~~START~~
tinyint
2
~~END~~

select cast(1 as bit) - cast(1 as tinyint)
~~START~~
tinyint
0
~~END~~

select cast(1 as bit) * cast(2 as tinyint)
~~START~~
tinyint
2
~~END~~

select cast(1 as bit) / cast(2 as tinyint)
~~START~~
tinyint
0
~~END~~

select cast(1 as bit) % cast(2 as tinyint)
~~START~~
tinyint
1
~~END~~


declare @a tinyint = 1; select @a += cast(1 as bit); select @a;
~~START~~
tinyint
2
~~END~~

declare @a tinyint = 2; select @a -= cast(1 as bit); select @a;
~~START~~
tinyint
1
~~END~~

declare @a tinyint = 4; select @a *= cast(1 as bit); select @a;
~~START~~
tinyint
4
~~END~~

declare @a tinyint = 5; select @a /= cast(1 as bit); select @a;
~~START~~
tinyint
5
~~END~~


declare @a bit = 1; select @a += cast(1 as tinyint); select @a;
~~START~~
bit
1
~~END~~

declare @a bit = 1; select @a -= cast(1 as tinyint); select @a;
~~START~~
bit
0
~~END~~

declare @a bit = 1; select @a *= cast(2 as tinyint); select @a;
~~START~~
bit
1
~~END~~

declare @a bit = 1; select @a /= cast(2 as tinyint); select @a;
~~START~~
bit
0
~~END~~


-- bitwise

select cast(3 as tinyint) & cast(1 as bit)
~~START~~
tinyint
1
~~END~~

select cast(3 as tinyint) | cast(1 as bit)
~~START~~
tinyint
3
~~END~~

select cast(3 as tinyint) ^ cast(1 as bit)
~~START~~
tinyint
2
~~END~~


select cast(1 as bit) & cast(6 as tinyint)
~~START~~
tinyint
0
~~END~~

select cast(1 as bit) | cast(5 as tinyint)
~~START~~
tinyint
5
~~END~~

select cast(1 as bit) ^ cast(5 as tinyint)
~~START~~
tinyint
4
~~END~~


declare @a tinyint = 3; select @a &= cast(1 as bit); select @a;
~~START~~
tinyint
1
~~END~~

declare @a tinyint = 3; select @a |= cast(1 as bit); select @a;
~~START~~
tinyint
3
~~END~~

declare @a tinyint = 3; select @a ^= cast(1 as bit); select @a;
~~START~~
tinyint
2
~~END~~

declare @a bit = 1; select @a &= cast(6 as tinyint); select @a;
~~START~~
bit
0
~~END~~

declare @a bit = 1; select @a |= cast(5 as tinyint); select @a;
~~START~~
bit
1
~~END~~

declare @a bit = 1; select @a ^= cast(5 as tinyint); select @a;
~~START~~
bit
1
~~END~~


-- comparison

select 1 where cast(2 as tinyint) >  cast(1 as bit)
~~START~~
int
1
~~END~~

select 1 where cast(1 as tinyint) >= cast(1 as bit)
~~START~~
int
1
~~END~~

select 1 where cast(1 as tinyint) =  cast(1 as bit)
~~START~~
int
1
~~END~~

select 1 where cast(1 as tinyint) <  cast(1 as bit)
~~START~~
int
~~END~~

select 1 where cast(1 as tinyint) <= cast(1 as bit)
~~START~~
int
1
~~END~~

select 1 where cast(1 as tinyint) <> cast(1 as bit)
~~START~~
int
~~END~~

select 1 where cast(1 as tinyint) != cast(1 as bit)
~~START~~
int
~~END~~


select 1 where cast(1 as bit) >  cast(1 as tinyint)
~~START~~
int
~~END~~

select 1 where cast(1 as bit) >= cast(1 as tinyint)
~~START~~
int
1
~~END~~

select 1 where cast(1 as bit) =  cast(1 as tinyint)
~~START~~
int
1
~~END~~

select 1 where cast(1 as bit) <  cast(2 as tinyint)
~~START~~
int
1
~~END~~

select 1 where cast(1 as bit) <= cast(1 as tinyint)
~~START~~
int
1
~~END~~

select 1 where cast(1 as bit) <> cast(2 as tinyint)
~~START~~
int
1
~~END~~

select 1 where cast(1 as bit) != cast(2 as tinyint)
~~START~~
int
1
~~END~~

