
-- assignment
declare @a tinyint = 1; declare @b int; set @b = @a; select @b;
~~START~~
int
1
~~END~~

declare @a int = 1; declare @b tinyint; set @b = @a; select @b;
~~START~~
tinyint
1
~~END~~


-- arithmetic

select cast(1 as tinyint) + cast(1 as int)
~~START~~
int
2
~~END~~

select cast(1 as tinyint) - cast(1 as int)
~~START~~
int
0
~~END~~

select cast(2 as tinyint) * cast(2 as int)
~~START~~
int
4
~~END~~

select cast(4 as tinyint) / cast(2 as int)
~~START~~
int
2
~~END~~

select cast(5 as tinyint) % cast(2 as int)
~~START~~
int
1
~~END~~


select cast(1 as int) + cast(1 as tinyint)
~~START~~
int
2
~~END~~

select cast(1 as int) - cast(1 as tinyint)
~~START~~
int
0
~~END~~

select cast(1 as int) * cast(2 as tinyint)
~~START~~
int
2
~~END~~

select cast(4 as int) / cast(2 as tinyint)
~~START~~
int
2
~~END~~

select cast(5 as int) % cast(2 as tinyint)
~~START~~
int
1
~~END~~


declare @a tinyint = 1; select @a += cast(1 as int); select @a;
~~START~~
tinyint
2
~~END~~

declare @a tinyint = 2; select @a -= cast(2 as int); select @a;
~~START~~
tinyint
0
~~END~~

declare @a tinyint = 4; select @a *= cast(2 as int); select @a;
~~START~~
tinyint
8
~~END~~

declare @a tinyint = 5; select @a /= cast(2 as int); select @a;
~~START~~
tinyint
2
~~END~~


declare @a int = 1; select @a += cast(1 as tinyint); select @a;
~~START~~
int
2
~~END~~

declare @a int = 2; select @a -= cast(2 as tinyint); select @a;
~~START~~
int
0
~~END~~

declare @a int = 4; select @a *= cast(2 as tinyint); select @a;
~~START~~
int
8
~~END~~

declare @a int = 5; select @a /= cast(2 as tinyint); select @a;
~~START~~
int
2
~~END~~


-- bitwise

select cast(3 as tinyint) & cast(6 as int)
~~START~~
int
2
~~END~~

select cast(3 as tinyint) | cast(5 as int)
~~START~~
int
7
~~END~~

select cast(3 as tinyint) ^ cast(5 as int)
~~START~~
int
6
~~END~~


select cast(3 as int) & cast(6 as tinyint)
~~START~~
int
2
~~END~~

select cast(3 as int) | cast(5 as tinyint)
~~START~~
int
7
~~END~~

select cast(3 as int) ^ cast(5 as tinyint)
~~START~~
int
6
~~END~~


declare @a tinyint = 3; select @a &= cast(6 as int); select @a;
~~START~~
tinyint
2
~~END~~

declare @a tinyint = 3; select @a |= cast(5 as int); select @a;
~~START~~
tinyint
7
~~END~~

declare @a tinyint = 3; select @a ^= cast(5 as int); select @a;
~~START~~
tinyint
6
~~END~~

declare @a int = 3; select @a &= cast(6 as tinyint); select @a;
~~START~~
int
2
~~END~~

declare @a int = 3; select @a |= cast(5 as tinyint); select @a;
~~START~~
int
7
~~END~~

declare @a int = 3; select @a ^= cast(5 as tinyint); select @a;
~~START~~
int
6
~~END~~


-- comparison

select 1 where cast(2 as tinyint) >  cast(1 as int)
~~START~~
int
1
~~END~~

select 1 where cast(1 as tinyint) >= cast(1 as int)
~~START~~
int
1
~~END~~

select 1 where cast(1 as tinyint) =  cast(1 as int)
~~START~~
int
1
~~END~~

select 1 where cast(1 as tinyint) <  cast(2 as int)
~~START~~
int
1
~~END~~

select 1 where cast(1 as tinyint) <= cast(1 as int)
~~START~~
int
1
~~END~~

select 1 where cast(1 as tinyint) <> cast(2 as int)
~~START~~
int
1
~~END~~

select 1 where cast(1 as tinyint) != cast(2 as int)
~~START~~
int
1
~~END~~


select 1 where cast(2 as int) >  cast(1 as tinyint)
~~START~~
int
1
~~END~~

select 1 where cast(1 as int) >= cast(1 as tinyint)
~~START~~
int
1
~~END~~

select 1 where cast(1 as int) =  cast(1 as tinyint)
~~START~~
int
1
~~END~~

select 1 where cast(1 as int) <  cast(2 as tinyint)
~~START~~
int
1
~~END~~

select 1 where cast(1 as int) <= cast(1 as tinyint)
~~START~~
int
1
~~END~~

select 1 where cast(1 as int) <> cast(2 as tinyint)
~~START~~
int
1
~~END~~

select 1 where cast(1 as int) != cast(2 as tinyint)
~~START~~
int
1
~~END~~

