
-- assignment
declare @a tinyint = 1; declare @b decimal; set @b = @a; select @b;
~~START~~
numeric
1
~~END~~

declare @a decimal = 1; declare @b tinyint; set @b = @a; select @b;
~~START~~
tinyint
1
~~END~~


-- arithmetic

select cast(1 as tinyint) + cast(1 as decimal)
~~START~~
numeric
2
~~END~~

select cast(1 as tinyint) - cast(1 as decimal)
~~START~~
numeric
0
~~END~~

select cast(2 as tinyint) * cast(2 as decimal)
~~START~~
numeric
4
~~END~~

select cast(4 as tinyint) / cast(2 as decimal)
~~START~~
numeric
2.0000000000000000
~~END~~

select cast(5 as tinyint) % cast(2 as decimal)
~~START~~
numeric
1
~~END~~


select cast(1 as decimal) + cast(1 as tinyint)
~~START~~
numeric
2
~~END~~

select cast(1 as decimal) - cast(1 as tinyint)
~~START~~
numeric
0
~~END~~

select cast(1 as decimal) * cast(2 as tinyint)
~~START~~
numeric
2
~~END~~

select cast(4 as decimal) / cast(2 as tinyint)
~~START~~
numeric
2.0000000000000000
~~END~~

select cast(5 as decimal) % cast(2 as tinyint)
~~START~~
numeric
1
~~END~~


declare @a tinyint = 1; select @a += cast(1 as decimal); select @a;
~~START~~
tinyint
2
~~END~~

declare @a tinyint = 2; select @a -= cast(2 as decimal); select @a;
~~START~~
tinyint
0
~~END~~

declare @a tinyint = 4; select @a *= cast(2 as decimal); select @a;
~~START~~
tinyint
8
~~END~~

--declare @a tinyint = 5; select @a /= cast(2 as decimal); select @a;

declare @a decimal = 1; select @a += cast(1 as tinyint); select @a;
~~START~~
numeric
2
~~END~~

declare @a decimal = 2; select @a -= cast(2 as tinyint); select @a;
~~START~~
numeric
0
~~END~~

declare @a decimal = 4; select @a *= cast(2 as tinyint); select @a;
~~START~~
numeric
8
~~END~~

--declare @a decimal = 5; select @a /= cast(2 as tinyint); select @a;

-- comparison

select 1 where cast(2 as tinyint) >  cast(1 as decimal)
~~START~~
int
1
~~END~~

select 1 where cast(1 as tinyint) >= cast(1 as decimal)
~~START~~
int
1
~~END~~

select 1 where cast(1 as tinyint) =  cast(1 as decimal)
~~START~~
int
1
~~END~~

select 1 where cast(1 as tinyint) <  cast(2 as decimal)
~~START~~
int
1
~~END~~

select 1 where cast(1 as tinyint) <= cast(1 as decimal)
~~START~~
int
1
~~END~~

select 1 where cast(1 as tinyint) <> cast(2 as decimal)
~~START~~
int
1
~~END~~

select 1 where cast(1 as tinyint) != cast(2 as decimal)
~~START~~
int
1
~~END~~


select 1 where cast(2 as decimal) >  cast(1 as tinyint)
~~START~~
int
1
~~END~~

select 1 where cast(1 as decimal) >= cast(1 as tinyint)
~~START~~
int
1
~~END~~

select 1 where cast(1 as decimal) =  cast(1 as tinyint)
~~START~~
int
1
~~END~~

select 1 where cast(1 as decimal) <  cast(2 as tinyint)
~~START~~
int
1
~~END~~

select 1 where cast(1 as decimal) <= cast(1 as tinyint)
~~START~~
int
1
~~END~~

select 1 where cast(1 as decimal) <> cast(2 as tinyint)
~~START~~
int
1
~~END~~

select 1 where cast(1 as decimal) != cast(2 as tinyint)
~~START~~
int
1
~~END~~

