Could not find tests for function assemblyproperty
Could not find tests for function pltsql_call_handler
Could not find tests for function pltsql_inline_handler
Could not find tests for function pltsql_validator
Could not find tests for function sys.babelfish_conv_date_to_string
Could not find tests for function sys.babelfish_conv_datetime_to_string
Could not find tests for function sys.babelfish_conv_greg_to_hijri
Could not find tests for function sys.babelfish_conv_helper_to_date
Could not find tests for function sys.babelfish_conv_helper_to_datetime
Could not find tests for function sys.babelfish_conv_helper_to_time
Could not find tests for function sys.babelfish_conv_helper_to_varchar
Could not find tests for function sys.babelfish_conv_hijri_to_greg
Could not find tests for function sys.babelfish_conv_string_to_date
Could not find tests for function sys.babelfish_conv_string_to_datetime
Could not find tests for function sys.babelfish_conv_string_to_time
Could not find tests for function sys.babelfish_conv_time_to_string
Could not find tests for function sys.babelfish_conv_to_varchar
Could not find tests for function sys.babelfish_cursor_list
Could not find tests for function sys.babelfish_dbts
Could not find tests for function sys.babelfish_get_datetimeoffset_tzoffset
Could not find tests for function sys.babelfish_get_full_year
Could not find tests for function sys.babelfish_get_id_by_name
Could not find tests for function sys.babelfish_get_identity_current
Could not find tests for function sys.babelfish_get_identity_param
Could not find tests for function sys.babelfish_get_int_part
Could not find tests for function sys.babelfish_get_jobs
Could not find tests for function sys.babelfish_get_lang_metadata_json
Could not find tests for function sys.babelfish_get_microsecs_from_fractsecs
Could not find tests for function sys.babelfish_get_monthnum_by_name
Could not find tests for function sys.babelfish_get_sequence_value
Could not find tests for function sys.babelfish_get_service_setting
Could not find tests for function sys.babelfish_get_timeunit_from_string
Could not find tests for function sys.babelfish_get_version
Could not find tests for function sys.babelfish_get_weekdaynum_by_name
Could not find tests for function sys.babelfish_is_ossp_present
Could not find tests for function sys.babelfish_is_spatial_present
Could not find tests for function sys.babelfish_istime
Could not find tests for function sys.babelfish_openxml
Could not find tests for function sys.babelfish_parse_helper_to_date
Could not find tests for function sys.babelfish_parse_helper_to_datetime
Could not find tests for function sys.babelfish_parse_helper_to_time
Could not find tests for function sys.babelfish_parse_to_date
Could not find tests for function sys.babelfish_parse_to_datetime
Could not find tests for function sys.babelfish_parse_to_time
Could not find tests for function sys.babelfish_round3
Could not find tests for function sys.babelfish_round_fractseconds
Could not find tests for function sys.babelfish_runtime_error
Could not find tests for function sys.babelfish_set_version
Could not find tests for function sys.babelfish_single_unbracket_name
Could not find tests for function sys.babelfish_sp_add_job
Could not find tests for function sys.babelfish_sp_add_jobschedule
Could not find tests for function sys.babelfish_sp_add_jobstep
Could not find tests for function sys.babelfish_sp_add_schedule
Could not find tests for function sys.babelfish_sp_attach_schedule
Could not find tests for function sys.babelfish_sp_aws_add_jobschedule
Could not find tests for function sys.babelfish_sp_aws_del_jobschedule
Could not find tests for function sys.babelfish_sp_delete_job
Could not find tests for function sys.babelfish_sp_delete_jobschedule
Could not find tests for function sys.babelfish_sp_delete_jobstep
Could not find tests for function sys.babelfish_sp_delete_schedule
Could not find tests for function sys.babelfish_sp_detach_schedule
Could not find tests for function sys.babelfish_sp_job_log
Could not find tests for function sys.babelfish_sp_schedule_to_cron
Could not find tests for function sys.babelfish_sp_sequence_get_range
Could not find tests for function sys.babelfish_sp_set_next_run
Could not find tests for function sys.babelfish_sp_update_job
Could not find tests for function sys.babelfish_sp_update_jobschedule
Could not find tests for function sys.babelfish_sp_update_jobstep
Could not find tests for function sys.babelfish_sp_update_schedule
Could not find tests for function sys.babelfish_sp_verify_job
Could not find tests for function sys.babelfish_sp_verify_job_date
Could not find tests for function sys.babelfish_sp_verify_job_identifiers
Could not find tests for function sys.babelfish_sp_verify_job_time
Could not find tests for function sys.babelfish_sp_verify_jobstep
Could not find tests for function sys.babelfish_sp_verify_schedule
Could not find tests for function sys.babelfish_sp_verify_schedule_identifiers
Could not find tests for function sys.babelfish_sp_xml_preparedocument
Could not find tests for function sys.babelfish_sp_xml_removedocument
Could not find tests for function sys.babelfish_strpos3
Could not find tests for function sys.babelfish_tomsbit
Could not find tests for function sys.babelfish_truncate_identifier
Could not find tests for function sys.babelfish_try_cast_floor_bigint
Could not find tests for function sys.babelfish_try_cast_floor_int
Could not find tests for function sys.babelfish_try_cast_floor_smallint
Could not find tests for function sys.babelfish_try_cast_to_any
Could not find tests for function sys.babelfish_try_conv_date_to_string
Could not find tests for function sys.babelfish_try_conv_datetime_to_string
Could not find tests for function sys.babelfish_try_conv_float_to_string
Could not find tests for function sys.babelfish_try_conv_money_to_string
Could not find tests for function sys.babelfish_try_conv_string_to_date
Could not find tests for function sys.babelfish_try_conv_string_to_datetime
Could not find tests for function sys.babelfish_try_conv_string_to_time
Could not find tests for function sys.babelfish_try_conv_time_to_string
Could not find tests for function sys.babelfish_try_conv_to_date
Could not find tests for function sys.babelfish_try_conv_to_datetime
Could not find tests for function sys.babelfish_try_conv_to_time
Could not find tests for function sys.babelfish_try_conv_to_varchar
Could not find tests for function sys.babelfish_try_parse_to_date
Could not find tests for function sys.babelfish_try_parse_to_datetime
Could not find tests for function sys.babelfish_try_parse_to_time
Could not find tests for function sys.babelfish_update_job
Could not find tests for function sys.babelfish_waitfor_delay
Could not find tests for function sys.bbf_get_current_physical_schema_name
Could not find tests for function sys.columns_internal
Could not find tests for function sys.dateadd_internal
Could not find tests for function sys.datediff_internal
Could not find tests for function sys.datediff_internal_df
Could not find tests for function sys.datepart_internal
Could not find tests for function sys.default_domain
Could not find tests for function sys.format_datetime
Could not find tests for function sys.format_numeric
Could not find tests for function sys.get_babel_server_collation_oid
Could not find tests for function sys.get_current_full_xact_id
Could not find tests for function sys.get_host_os
Could not find tests for function sys.get_max_id_from_table
Could not find tests for function sys.get_min_id_from_table
Could not find tests for function sys.is_collated_ci_as
Could not find tests for function sys.is_collated_ci_as_internal
Could not find tests for function sys.is_rolemember_internal
Could not find tests for function sys.max_precision
Could not find tests for function sys.openjson_array
Could not find tests for function sys.openjson_object
Could not find tests for function sys.openjson_simple
Could not find tests for function sys.openjson_with
Could not find tests for function sys.openquery_internal
Could not find tests for function sys.role_id
Could not find tests for function sys.sp_columns_100_internal
Could not find tests for function sys.sp_columns_managed_internal
Could not find tests for function sys.sp_datatype_info_helper
Could not find tests for function sys.sp_describe_first_result_set_internal
Could not find tests for function sys.sp_describe_undeclared_parameters_internal
Could not find tests for function sys.sp_getapplock_function
Could not find tests for function sys.sp_pkeys_internal
Could not find tests for function sys.sp_releaseapplock_function
Could not find tests for function sys.sp_special_columns_length_helper
Could not find tests for function sys.sp_special_columns_precision_helper
Could not find tests for function sys.sp_special_columns_scale_helper
Could not find tests for function sys.sp_statistics_internal
Could not find tests for function sys.sp_tables_internal
Could not find tests for function sys.suser_id_internal
Could not find tests for function sys.suser_name_internal
Could not find tests for function sys.systypes_precision_helper
Could not find tests for function sys.tsql_get_returntypmodvalue
Could not find tests for function sys.tsql_query_to_json_ffunc
Could not find tests for function sys.tsql_query_to_json_sfunc
Could not find tests for function sys.tsql_query_to_xml
Could not find tests for function sys.tsql_query_to_xml_ffunc
Could not find tests for function sys.tsql_query_to_xml_sfunc
Could not find tests for function sys.tsql_query_to_xml_text
Could not find tests for function sys.tsql_query_to_xml_text_ffunc
Could not find tests for function sys.tsql_stat_get_activity
Could not find tests for function sys.tsql_type_length_for_sp_columns_helper
Could not find tests for function sys.tsql_type_max_length_helper
Could not find tests for function sys.tsql_type_precision_helper
Could not find tests for function sys.tsql_type_radix_for_sp_columns_helper
Could not find tests for function sys.tsql_type_scale_helper
Could not find tests for function sys.user_name_sysname
Could not find tests for procedure babel_catalog_initializer
Could not find tests for procedure babel_coercion_initializer
Could not find tests for procedure babel_create_builtin_dbs
Could not find tests for procedure babel_datatype_precedence_initializer
Could not find tests for procedure initialize_babel_extras
Could not find tests for procedure initialize_babelfish
Could not find tests for procedure remove_babelfish
Could not find tests for procedure sys.babel_collation_initializer
Could not find tests for procedure sys.babel_drop_all_dbs
Could not find tests for procedure sys.babel_drop_all_logins
Could not find tests for procedure sys.babel_initialize_logins
Could not find tests for procedure sys.babel_like_ilike_info_initializer
Could not find tests for procedure sys.init_server_collation_oid
Could not find tests for procedure sys.printarg
Could not find tests for table "#temp_schedules_to_delete"
Could not find tests for table sys$openxml
Could not find tests for table sys.babelfish_helpcollation
Could not find tests for table sys.babelfish_syslanguages
Could not find tests for table sys.service_settings
Could not find tests for table sys.spt_datatype_info_table
Could not find tests for table sys.versions
Could not find tests for type sys.bpchar
Could not find tests for view babelfish_has_perms_by_name_permissions
Could not find tests for view sys.all_sql_modules_internal
Could not find tests for view sys.pg_namespace_ext
Could not find tests for view sys.shipped_objects_not_in_sys
Could not find tests for view sys.sp_column_privileges_view
Could not find tests for view sys.sp_columns_100_view
Could not find tests for view sys.sp_fkeys_view
Could not find tests for view sys.sp_pkeys_view
Could not find tests for view sys.sp_special_columns_view
Could not find tests for view sys.sp_sproc_columns_view
Could not find tests for view sys.sp_statistics_view
Could not find tests for view sys.sp_stored_procedures_view
Could not find tests for view sys.sp_table_privileges_view
Could not find tests for view sys.spt_columns_view_managed
Could not find upgrade tests for function assemblyproperty
Could not find upgrade tests for function connectionproperty
Could not find upgrade tests for function databasepropertyex
Could not find upgrade tests for function pltsql_call_handler
Could not find upgrade tests for function pltsql_inline_handler
Could not find upgrade tests for function pltsql_validator
Could not find upgrade tests for function serverproperty
Could not find upgrade tests for function sessionproperty
Could not find upgrade tests for function sys.babelfish_collation_list
Could not find upgrade tests for function sys.babelfish_conv_date_to_string
Could not find upgrade tests for function sys.babelfish_conv_datetime_to_string
Could not find upgrade tests for function sys.babelfish_conv_greg_to_hijri
Could not find upgrade tests for function sys.babelfish_conv_helper_to_date
Could not find upgrade tests for function sys.babelfish_conv_helper_to_datetime
Could not find upgrade tests for function sys.babelfish_conv_helper_to_time
Could not find upgrade tests for function sys.babelfish_conv_helper_to_varchar
Could not find upgrade tests for function sys.babelfish_conv_hijri_to_greg
Could not find upgrade tests for function sys.babelfish_conv_string_to_date
Could not find upgrade tests for function sys.babelfish_conv_string_to_datetime
Could not find upgrade tests for function sys.babelfish_conv_string_to_time
Could not find upgrade tests for function sys.babelfish_conv_time_to_string
Could not find upgrade tests for function sys.babelfish_conv_to_varchar
Could not find upgrade tests for function sys.babelfish_cursor_list
Could not find upgrade tests for function sys.babelfish_dbts
Could not find upgrade tests for function sys.babelfish_get_datetimeoffset_tzoffset
Could not find upgrade tests for function sys.babelfish_get_enr_list
Could not find upgrade tests for function sys.babelfish_get_full_year
Could not find upgrade tests for function sys.babelfish_get_id_by_name
Could not find upgrade tests for function sys.babelfish_get_identity_current
Could not find upgrade tests for function sys.babelfish_get_identity_param
Could not find upgrade tests for function sys.babelfish_get_int_part
Could not find upgrade tests for function sys.babelfish_get_jobs
Could not find upgrade tests for function sys.babelfish_get_lang_metadata_json
Could not find upgrade tests for function sys.babelfish_get_login_default_db
Could not find upgrade tests for function sys.babelfish_get_microsecs_from_fractsecs
Could not find upgrade tests for function sys.babelfish_get_monthnum_by_name
Could not find upgrade tests for function sys.babelfish_get_sequence_value
Could not find upgrade tests for function sys.babelfish_get_service_setting
Could not find upgrade tests for function sys.babelfish_get_timeunit_from_string
Could not find upgrade tests for function sys.babelfish_get_version
Could not find upgrade tests for function sys.babelfish_get_weekdaynum_by_name
Could not find upgrade tests for function sys.babelfish_is_ossp_present
Could not find upgrade tests for function sys.babelfish_is_spatial_present
Could not find upgrade tests for function sys.babelfish_istime
Could not find upgrade tests for function sys.babelfish_openxml
Could not find upgrade tests for function sys.babelfish_parse_helper_to_date
Could not find upgrade tests for function sys.babelfish_parse_helper_to_datetime
Could not find upgrade tests for function sys.babelfish_parse_helper_to_time
Could not find upgrade tests for function sys.babelfish_parse_to_date
Could not find upgrade tests for function sys.babelfish_parse_to_datetime
Could not find upgrade tests for function sys.babelfish_parse_to_time
Could not find upgrade tests for function sys.babelfish_pltsql_cursor_show_textptr_only_column_indexes
Could not find upgrade tests for function sys.babelfish_pltsql_get_last_cursor_handle
Could not find upgrade tests for function sys.babelfish_pltsql_get_last_stmt_handle
Could not find upgrade tests for function sys.babelfish_round3
Could not find upgrade tests for function sys.babelfish_round_fractseconds
Could not find upgrade tests for function sys.babelfish_runtime_error
Could not find upgrade tests for function sys.babelfish_set_role
Could not find upgrade tests for function sys.babelfish_set_version
Could not find upgrade tests for function sys.babelfish_single_unbracket_name
Could not find upgrade tests for function sys.babelfish_sp_add_job
Could not find upgrade tests for function sys.babelfish_sp_add_jobschedule
Could not find upgrade tests for function sys.babelfish_sp_add_jobstep
Could not find upgrade tests for function sys.babelfish_sp_add_schedule
Could not find upgrade tests for function sys.babelfish_sp_attach_schedule
Could not find upgrade tests for function sys.babelfish_sp_aws_add_jobschedule
Could not find upgrade tests for function sys.babelfish_sp_aws_del_jobschedule
Could not find upgrade tests for function sys.babelfish_sp_delete_job
Could not find upgrade tests for function sys.babelfish_sp_delete_jobschedule
Could not find upgrade tests for function sys.babelfish_sp_delete_jobstep
Could not find upgrade tests for function sys.babelfish_sp_delete_schedule
Could not find upgrade tests for function sys.babelfish_sp_detach_schedule
Could not find upgrade tests for function sys.babelfish_sp_job_log
Could not find upgrade tests for function sys.babelfish_sp_schedule_to_cron
Could not find upgrade tests for function sys.babelfish_sp_sequence_get_range
Could not find upgrade tests for function sys.babelfish_sp_set_next_run
Could not find upgrade tests for function sys.babelfish_sp_update_job
Could not find upgrade tests for function sys.babelfish_sp_update_jobschedule
Could not find upgrade tests for function sys.babelfish_sp_update_jobstep
Could not find upgrade tests for function sys.babelfish_sp_update_schedule
Could not find upgrade tests for function sys.babelfish_sp_verify_job
Could not find upgrade tests for function sys.babelfish_sp_verify_job_date
Could not find upgrade tests for function sys.babelfish_sp_verify_job_identifiers
Could not find upgrade tests for function sys.babelfish_sp_verify_job_time
Could not find upgrade tests for function sys.babelfish_sp_verify_jobstep
Could not find upgrade tests for function sys.babelfish_sp_verify_schedule
Could not find upgrade tests for function sys.babelfish_sp_verify_schedule_identifiers
Could not find upgrade tests for function sys.babelfish_sp_xml_preparedocument
Could not find upgrade tests for function sys.babelfish_sp_xml_removedocument
Could not find upgrade tests for function sys.babelfish_strpos3
Could not find upgrade tests for function sys.babelfish_tomsbit
Could not find upgrade tests for function sys.babelfish_truncate_identifier
Could not find upgrade tests for function sys.babelfish_try_cast_floor_bigint
Could not find upgrade tests for function sys.babelfish_try_cast_floor_int
Could not find upgrade tests for function sys.babelfish_try_cast_floor_smallint
Could not find upgrade tests for function sys.babelfish_try_cast_to_any
Could not find upgrade tests for function sys.babelfish_try_conv_date_to_string
Could not find upgrade tests for function sys.babelfish_try_conv_datetime_to_string
Could not find upgrade tests for function sys.babelfish_try_conv_float_to_string
Could not find upgrade tests for function sys.babelfish_try_conv_money_to_string
Could not find upgrade tests for function sys.babelfish_try_conv_string_to_date
Could not find upgrade tests for function sys.babelfish_try_conv_string_to_datetime
Could not find upgrade tests for function sys.babelfish_try_conv_string_to_time
Could not find upgrade tests for function sys.babelfish_try_conv_time_to_string
Could not find upgrade tests for function sys.babelfish_try_conv_to_date
Could not find upgrade tests for function sys.babelfish_try_conv_to_datetime
Could not find upgrade tests for function sys.babelfish_try_conv_to_time
Could not find upgrade tests for function sys.babelfish_try_conv_to_varchar
Could not find upgrade tests for function sys.babelfish_try_parse_to_date
Could not find upgrade tests for function sys.babelfish_try_parse_to_datetime
Could not find upgrade tests for function sys.babelfish_try_parse_to_time
Could not find upgrade tests for function sys.babelfish_update_job
Could not find upgrade tests for function sys.babelfish_waitfor_delay
Could not find upgrade tests for function sys.bbf_get_current_physical_schema_name
Could not find upgrade tests for function sys.ceiling
Could not find upgrade tests for function sys.columns_internal
Could not find upgrade tests for function sys.cursor_rows
Could not find upgrade tests for function sys.cursor_status
Could not find upgrade tests for function sys.dateadd_internal
Could not find upgrade tests for function sys.datediff_internal
Could not find upgrade tests for function sys.datediff_internal_df
Could not find upgrade tests for function sys.datepart_internal
Could not find upgrade tests for function sys.default_domain
Could not find upgrade tests for function sys.error_line
Could not find upgrade tests for function sys.error_number
Could not find upgrade tests for function sys.error_procedure
Could not find upgrade tests for function sys.error_severity
Could not find upgrade tests for function sys.error_state
Could not find upgrade tests for function sys.exp
Could not find upgrade tests for function sys.fetch_status
Could not find upgrade tests for function sys.floor
Could not find upgrade tests for function sys.fn_helpcollations
Could not find upgrade tests for function sys.format_datetime
Could not find upgrade tests for function sys.format_numeric
Could not find upgrade tests for function sys.formatmessage
Could not find upgrade tests for function sys.get_babel_server_collation_oid
Could not find upgrade tests for function sys.get_current_full_xact_id
Could not find upgrade tests for function sys.get_host_os
Could not find upgrade tests for function sys.get_max_id_from_table
Could not find upgrade tests for function sys.get_min_id_from_table
Could not find upgrade tests for function sys.ident_incr
Could not find upgrade tests for function sys.ident_seed
Could not find upgrade tests for function sys.is_collated_ci_as
Could not find upgrade tests for function sys.is_collated_ci_as_internal
Could not find upgrade tests for function sys.is_rolemember_internal
Could not find upgrade tests for function sys.language
Could not find upgrade tests for function sys.max_precision
Could not find upgrade tests for function sys.microsoftversion
Could not find upgrade tests for function sys.openjson_array
Could not find upgrade tests for function sys.openjson_object
Could not find upgrade tests for function sys.openjson_simple
Could not find upgrade tests for function sys.openjson_with
Could not find upgrade tests for function sys.openquery_internal
Could not find upgrade tests for function sys.options
Could not find upgrade tests for function sys.pgerror
Could not find upgrade tests for function sys.role_id
Could not find upgrade tests for function sys.servername
Could not find upgrade tests for function sys.servicename
Could not find upgrade tests for function sys.sp_columns_100_internal
Could not find upgrade tests for function sys.sp_columns_managed_internal
Could not find upgrade tests for function sys.sp_datatype_info_helper
Could not find upgrade tests for function sys.sp_describe_first_result_set_internal
Could not find upgrade tests for function sys.sp_describe_undeclared_parameters_internal
Could not find upgrade tests for function sys.sp_getapplock_function
Could not find upgrade tests for function sys.sp_pkeys_internal
Could not find upgrade tests for function sys.sp_releaseapplock_function
Could not find upgrade tests for function sys.sp_special_columns_length_helper
Could not find upgrade tests for function sys.sp_special_columns_precision_helper
Could not find upgrade tests for function sys.sp_special_columns_scale_helper
Could not find upgrade tests for function sys.sp_statistics_internal
Could not find upgrade tests for function sys.sp_tables_internal
Could not find upgrade tests for function sys.space
Could not find upgrade tests for function sys.stuff
Could not find upgrade tests for function sys.suser_id_internal
Could not find upgrade tests for function sys.suser_name_internal
Could not find upgrade tests for function sys.systypes_precision_helper
Could not find upgrade tests for function sys.tsql_get_functiondef
Could not find upgrade tests for function sys.tsql_get_returntypmodvalue
Could not find upgrade tests for function sys.tsql_query_to_json_ffunc
Could not find upgrade tests for function sys.tsql_query_to_json_sfunc
Could not find upgrade tests for function sys.tsql_query_to_xml
Could not find upgrade tests for function sys.tsql_query_to_xml_ffunc
Could not find upgrade tests for function sys.tsql_query_to_xml_sfunc
Could not find upgrade tests for function sys.tsql_query_to_xml_text
Could not find upgrade tests for function sys.tsql_query_to_xml_text_ffunc
Could not find upgrade tests for function sys.tsql_stat_get_activity
Could not find upgrade tests for function sys.tsql_type_length_for_sp_columns_helper
Could not find upgrade tests for function sys.tsql_type_max_length_helper
Could not find upgrade tests for function sys.tsql_type_precision_helper
Could not find upgrade tests for function sys.tsql_type_radix_for_sp_columns_helper
Could not find upgrade tests for function sys.tsql_type_scale_helper
Could not find upgrade tests for function sys.user_name_sysname
Could not find upgrade tests for function sys.version
Could not find upgrade tests for procedure babel_catalog_initializer
Could not find upgrade tests for procedure babel_coercion_initializer
Could not find upgrade tests for procedure babel_create_builtin_dbs
Could not find upgrade tests for procedure babel_datatype_precedence_initializer
Could not find upgrade tests for procedure initialize_babel_extras
Could not find upgrade tests for procedure initialize_babelfish
Could not find upgrade tests for procedure remove_babelfish
Could not find upgrade tests for procedure sys.babel_collation_initializer
Could not find upgrade tests for procedure sys.babel_drop_all_dbs
Could not find upgrade tests for procedure sys.babel_drop_all_logins
Could not find upgrade tests for procedure sys.babel_initialize_logins
Could not find upgrade tests for procedure sys.babel_like_ilike_info_initializer
Could not find upgrade tests for procedure sys.init_server_collation_oid
Could not find upgrade tests for procedure sys.printarg
Could not find upgrade tests for procedure sys.sp_column_privileges
Could not find upgrade tests for procedure sys.sp_cursor_list
Could not find upgrade tests for procedure sys.sp_describe_cursor
Could not find upgrade tests for procedure sys.sp_oledb_ro_usrname
Could not find upgrade tests for procedure sys.sp_prepare
Could not find upgrade tests for procedure sys.sp_unprepare
Could not find upgrade tests for procedure sys.sp_updatestats
Could not find upgrade tests for procedure xp_instance_regread
Could not find upgrade tests for procedure xp_qv
Could not find upgrade tests for table "#temp_schedules_to_delete"
Could not find upgrade tests for table sys$openxml
Could not find upgrade tests for table sys.babelfish_configurations
Could not find upgrade tests for table sys.babelfish_helpcollation
Could not find upgrade tests for table sys.babelfish_syslanguages
Could not find upgrade tests for table sys.service_settings
Could not find upgrade tests for table sys.spt_datatype_info_table
Could not find upgrade tests for table sys.versions
Could not find upgrade tests for type sys.bpchar
Could not find upgrade tests for view babelfish_has_perms_by_name_permissions
Could not find upgrade tests for view sys.all_sql_modules_internal
Could not find upgrade tests for view sys.pg_namespace_ext
Could not find upgrade tests for view sys.shipped_objects_not_in_sys
Could not find upgrade tests for view sys.sp_column_privileges_view
Could not find upgrade tests for view sys.sp_columns_100_view
Could not find upgrade tests for view sys.sp_fkeys_view
Could not find upgrade tests for view sys.sp_pkeys_view
Could not find upgrade tests for view sys.sp_special_columns_view
Could not find upgrade tests for view sys.sp_sproc_columns_view
Could not find upgrade tests for view sys.sp_statistics_view
Could not find upgrade tests for view sys.sp_stored_procedures_view
Could not find upgrade tests for view sys.sp_table_privileges_view
Could not find upgrade tests for view sys.spt_columns_view_managed
