#database name, username and password should not exceed 128 characters
java_auth#!#database|-|11111111111111111111111111111111111111111111111111111111111111111111111111111111111111111111111111111111111111111111111111111111
~~ERROR (Code: 911)~~

~~ERROR (Message: database "11111111111111111111111111111111111111111111111111111111111111111111111111111111111111111111111111111111111111111111111111111111" does not exist )~~

java_auth#!#database|-|111111111111111111111111111111111111111111111111111111111111111111111111111111111111111111111111111111111111111111111111111111112
~~ERROR (Code: 0)~~

~~ERROR (Message: The databaseName property exceeds the maximum number of 128 characters.)~~

java_auth#!#user|-|11111111111111111111111111111111111111111111111111111111111111111111111111111111111111111111111111111111111111111111111111111111
~~ERROR (Code: 33557097)~~

~~ERROR (Message: role "111111111111111111111111111111111111111111111111111111111111111" does not exist )~~

java_auth#!#user|-|111111111111111111111111111111111111111111111111111111111111111111111111111111111111111111111111111111111111111111111111111111112
~~ERROR (Code: 0)~~

~~ERROR (Message: The user property exceeds the maximum number of 128 characters.)~~

#database and user name arguments are case-insensitive
java_auth#!#database|-|MASTER
~~SUCCESS~~
java_auth#!#database|-|MaStEr
~~SUCCESS~~
java_auth#!#user|-|JDBC_USER
~~SUCCESS~~
java_auth#!#user|-|JdBc_UsEr
~~SUCCESS~~
#not sure why any password is accepted during authentication through cloud desktop
#This test should throw error but from cloud desktop a connection is successfully established
#java_auth#!#password|-|11111111111111111111111111111111111111111111111111111111111111111111111111111111111111111111111111111111111111111111111111111111
java_auth#!#password|-|111111111111111111111111111111111111111111111111111111111111111111111111111111111111111111111111111111111111111111111111111111112
~~ERROR (Code: 0)~~

~~ERROR (Message: The password property exceeds the maximum number of 128 characters.)~~

#Error message: SSL encryption cannot be used with a network packet size larger than 16384 bytes.
#java_auth#!#others|-|packetSize=0
java_auth#!#others|-|packetSize=-1
~~SUCCESS~~
java_auth#!#others|-|packetSize=4096
~~SUCCESS~~
java_auth#!#database|-|test1 SELECT 1
~~ERROR (Code: 911)~~

~~ERROR (Message: database "test1 select 1" does not exist )~~

